 KeeperFill

 Timestamp is 5a345e7c (Fri Dec 15 15:45:00 2017)

 Preferred load address is 0000000180000000

 Start         Length     Name                   Class
 0001:00000000 0000aa60H .text$mn                CODE
 0001:0000aa60 00000020H .text$mn$00             CODE
 0001:0000aa80 00000260H .text$x                 CODE
 0002:00000000 00000280H .idata$5                DATA
 0002:00000280 00000010H .00cfg                  DATA
 0002:00000290 00000008H .CRT$XCA                DATA
 0002:00000298 00000008H .CRT$XCU                DATA
 0002:000002a0 00000008H .CRT$XCZ                DATA
 0002:000002a8 00000008H .CRT$XIA                DATA
 0002:000002b0 00000018H .CRT$XIC                DATA
 0002:000002c8 00000008H .CRT$XIZ                DATA
 0002:000002d0 00000008H .CRT$XPA                DATA
 0002:000002d8 00000010H .CRT$XPX                DATA
 0002:000002e8 00000008H .CRT$XPXA               DATA
 0002:000002f0 00000008H .CRT$XPZ                DATA
 0002:000002f8 00000008H .CRT$XTA                DATA
 0002:00000300 00000010H .CRT$XTZ                DATA
 0002:00000310 000070a8H .rdata                  DATA
 0002:000073b8 00000000H .rdata$r                DATA
 0002:000073b8 000003a0H .rdata$zzzdbg           DATA
 0002:00007758 00000008H .rtc$IAA                DATA
 0002:00007760 00000008H .rtc$IZZ                DATA
 0002:00007768 00000008H .rtc$TAA                DATA
 0002:00007770 00000008H .rtc$TZZ                DATA
 0002:00007778 00000a9cH .xdata                  DATA
 0002:00008214 00000020H .didat$2                DATA
 0002:00008234 00000024H .didat$3                DATA
 0002:00008258 00000060H .didat$4                DATA
 0002:000082b8 000002d0H .didat$6                DATA
 0002:00008588 00000068H .didat$7                DATA
 0002:000085f0 00000058H .edata                  DATA
 0002:00008648 00000028H .idata$2                DATA
 0002:00008670 00000018H .idata$3                DATA
 0002:00008688 00000280H .idata$4                DATA
 0002:00008908 000005d0H .idata$6                DATA
 0003:00000000 00000920H .data                   DATA
 0003:00000920 00000000H .data$r                 DATA
 0003:00000920 00000060H .didat$5                DATA
 0003:00000980 000011e8H .bss                    DATA
 0004:00000000 00000d50H .pdata                  DATA
 0005:00000000 00000080H .gfids$x                DATA
 0005:00000080 00000014H .gfids$y                DATA
 0006:00000000 00000060H .rsrc$01                DATA
 0006:00000060 00000180H .rsrc$02                DATA

  Address         Publics by Value              Rva+Base               Lib:Object

 0000:00000000       __guard_iat_count          0000000000000000     <absolute>
 0000:00000000       __dynamic_value_reloc_table 0000000000000000     <absolute>
 0000:00000000       __guard_iat_table          0000000000000000     <absolute>
 0000:00000000       __guard_longjmp_table      0000000000000000     <absolute>
 0000:00000000       __guard_longjmp_count      0000000000000000     <absolute>
 0000:00000000       __guard_fids_count         0000000000000000     <absolute>
 0000:00000000       ___safe_se_handler_table   0000000000000000     <absolute>
 0000:00000000       ___safe_se_handler_count   0000000000000000     <absolute>
 0000:00000000       __guard_fids_table         0000000000000000     <absolute>
 0000:00000100       __guard_flags              0000000000000100     <absolute>
 0000:00000000       __ImageBase                0000000180000000     <linker-defined>
 0001:00000000       ?NODE_SET_METHOD@node@@YAXV?$Local@VObject@v8@@@v8@@PEBDP6AXAEBV?$FunctionCallbackInfo@VValue@v8@@@3@@Z@Z 0000000180001000 f i KeeperFill.obj
 0001:000000e0       ?keyStroke@KeeperBot@@YAXAEBV?$FunctionCallbackInfo@VValue@v8@@@v8@@@Z 00000001800010e0 f   KeeperFill.obj
 0001:00000160       ?keyDown@KeeperBot@@YAXAEBV?$FunctionCallbackInfo@VValue@v8@@@v8@@@Z 0000000180001160 f   KeeperFill.obj
 0001:000001c0       ?keyUp@KeeperBot@@YAXAEBV?$FunctionCallbackInfo@VValue@v8@@@v8@@@Z 00000001800011c0 f   KeeperFill.obj
 0001:00000220       ?getActiveWindowTitle@KeeperBot@@YAXAEBV?$FunctionCallbackInfo@VValue@v8@@@v8@@@Z 0000000180001220 f   KeeperFill.obj
 0001:000003c0       ?keyIsDown@KeeperBot@@YAXAEBV?$FunctionCallbackInfo@VValue@v8@@@v8@@@Z 00000001800013c0 f   KeeperFill.obj
 0001:00000440       ?init@KeeperBot@@YAXV?$Local@VObject@v8@@@v8@@@Z 0000000180001440 f   KeeperFill.obj
 0001:0000052c       __imp_load_?GetCurrent@Isolate@v8@@SAPEAV12@XZ 000000018000152c f   node:node.exe
 0001:00000538       __tailMerge_node_exe       0000000180001538 f i node:node.exe
 0001:000005b1       __imp_load_??1HandleScope@v8@@QEAA@XZ 00000001800015b1 f   node:node.exe
 0001:000005bd       __imp_load_??0HandleScope@v8@@QEAA@PEAVIsolate@1@@Z 00000001800015bd f   node:node.exe
 0001:000005c9       __imp_load_?GetFunction@FunctionTemplate@v8@@QEAA?AV?$Local@VFunction@v8@@@2@XZ 00000001800015c9 f   node:node.exe
 0001:000005d5       __imp_load_?New@FunctionTemplate@v8@@SA?AV?$Local@VFunctionTemplate@v8@@@2@PEAVIsolate@2@P6AXAEBV?$FunctionCallbackInfo@VValue@v8@@@2@@ZV?$Local@VValue@v8@@@2@V?$Local@VSignature@v8@@@2@HW4ConstructorBehavior@2@@Z 00000001800015d5 f   node:node.exe
 0001:000005e1       __imp_load_?NumberValue@Value@v8@@QEBANXZ 00000001800015e1 f   node:node.exe
 0001:000005ed       __imp_load_?NewFromUtf8@String@v8@@SA?AV?$Local@VString@v8@@@2@PEAVIsolate@2@PEBDW4NewStringType@12@H@Z 00000001800015ed f   node:node.exe
 0001:000005f9       __imp_load_?New@Object@v8@@SA?AV?$Local@VObject@v8@@@2@PEAVIsolate@2@@Z 00000001800015f9 f   node:node.exe
 0001:00000605       __imp_load_?Set@Object@v8@@QEAA_NV?$Local@VValue@v8@@@2@0@Z 0000000180001605 f   node:node.exe
 0001:00000611       __imp_load_?SetName@Function@v8@@QEAAXV?$Local@VString@v8@@@2@@Z 0000000180001611 f   node:node.exe
 0001:0000061d       __imp_load_node_module_register 000000018000161d f   node:node.exe
 0001:00000640       __security_check_cookie    0000000180001640 f   LIBCMT:_amdsecgs_.obj
 0001:000009b0       _DllMainCRTStartup         00000001800019b0 f   LIBCMT:dll_dllmain.obj
 0001:000009f0       __raise_securityfailure    00000001800019f0 f   LIBCMT:gs_report.obj
 0001:00000a24       __report_gsfailure         0000000180001a24 f   LIBCMT:gs_report.obj
 0001:00000af8       __report_rangecheckfailure 0000000180001af8 f   LIBCMT:gs_report.obj
 0001:00000b0c       __report_securityfailure   0000000180001b0c f   LIBCMT:gs_report.obj
 0001:00000c8c       __scrt_acquire_startup_lock 0000000180001c8c f   LIBCMT:utility.obj
 0001:00000cc8       __scrt_dllmain_after_initialize_c 0000000180001cc8 f   LIBCMT:utility.obj
 0001:00000cfc       __scrt_dllmain_before_initialize_c 0000000180001cfc f   LIBCMT:utility.obj
 0001:00000d14       __scrt_dllmain_crt_thread_attach 0000000180001d14 f   LIBCMT:utility.obj
 0001:00000d3c       __scrt_dllmain_crt_thread_detach 0000000180001d3c f   LIBCMT:utility.obj
 0001:00000d54       __scrt_dllmain_exception_filter 0000000180001d54 f   LIBCMT:utility.obj
 0001:00000db8       __scrt_dllmain_uninitialize_c 0000000180001db8 f   LIBCMT:utility.obj
 0001:00000de8       __scrt_dllmain_uninitialize_critical 0000000180001de8 f   LIBCMT:utility.obj
 0001:00000dfc       __scrt_initialize_crt      0000000180001dfc f   LIBCMT:utility.obj
 0001:00000e48       __scrt_initialize_onexit_tables 0000000180001e48 f   LIBCMT:utility.obj
 0001:00000f14       __scrt_is_nonwritable_in_current_image 0000000180001f14 f   LIBCMT:utility.obj
 0001:00000fb0       __scrt_release_startup_lock 0000000180001fb0 f   LIBCMT:utility.obj
 0001:00000fd4       __scrt_uninitialize_crt    0000000180001fd4 f   LIBCMT:utility.obj
 0001:00001000       _onexit                    0000000180002000 f   LIBCMT:utility.obj
 0001:00001050       atexit                     0000000180002050 f   LIBCMT:utility.obj
 0001:00001068       __security_init_cookie     0000000180002068 f   LIBCMT:gs_support.obj
 0001:00001114       ?__scrt_initialize_type_info@@YAXXZ 0000000180002114 f   LIBCMT:tncleanup.obj
 0001:00001124       ?__scrt_uninitialize_type_info@@YAXXZ 0000000180002124 f   LIBCMT:tncleanup.obj
 0001:00001130       __local_stdio_printf_options 0000000180002130 f i LIBCMT:default_local_stdio_options.obj
 0001:00001138       __local_stdio_scanf_options 0000000180002138 f i LIBCMT:default_local_stdio_options.obj
 0001:00001140       __scrt_initialize_default_local_stdio_options 0000000180002140 f   LIBCMT:default_local_stdio_options.obj
 0001:0000115c       __scrt_get_dyn_tls_init_callback 000000018000215c f   LIBCMT:dyn_tls_init.obj
 0001:00001164       __crt_debugger_hook        0000000180002164 f   LIBCMT:utility_desktop.obj
 0001:0000116c       __scrt_fastfail            000000018000216c f   LIBCMT:utility_desktop.obj
 0001:000012b4       _RTC_Initialize            00000001800022b4 f   LIBCMT:_initsect_.obj
 0001:00001300       _RTC_Terminate             0000000180002300 f   LIBCMT:_initsect_.obj
 0001:0000134c       _guard_check_icall         000000018000234c f i LIBCMT:checkcfg.obj
 0001:00001354       __isa_available_init       0000000180002354 f   LIBCMT:_cpu_disp_.obj
 0001:0000151c       _get_startup_argv_mode     000000018000251c f   LIBCMT:argv_mode.obj
 0001:0000151c       DllMain                    000000018000251c f   LIBCMT:dll_dllmain_stub.obj
 0001:00001524       __scrt_is_ucrt_dll_in_use  0000000180002524 f   LIBCMT:ucrt_detection.obj
 0001:00001530       __except_validate_context_record 0000000180002530 f i libvcruntime:jbcxrval.obj
 0001:00001530       _guard_check_icall_nop     0000000180002530 f i LIBCMT:guard_support.obj
 0001:00001540       __C_specific_handler       0000000180002540 f   libvcruntime:_chandler_.obj
 0001:0000173c       __vcrt_initialize          000000018000273c f   libvcruntime:initialization.obj
 0001:00001770       __vcrt_thread_attach       0000000180002770 f   libvcruntime:initialization.obj
 0001:00001784       __vcrt_thread_detach       0000000180002784 f   libvcruntime:initialization.obj
 0001:00001798       __vcrt_uninitialize        0000000180002798 f   libvcruntime:initialization.obj
 0001:000017b8       __vcrt_uninitialize_critical 00000001800027b8 f   libvcruntime:initialization.obj
 0001:000017c8       __std_type_info_destroy_list 00000001800027c8 f   libvcruntime:std_type_info.obj
 0001:00001810       memset                     0000000180002810 f   libvcruntime:memset.obj
 0001:000019c0       _local_unwind              00000001800029c0 f   libvcruntime:_jmpuwind_.obj
 0001:000019f0       _NLG_Notify                00000001800029f0 f   libvcruntime:_jmpuwind_.obj
 0001:00001a10       __NLG_Dispatch2            0000000180002a10 f   libvcruntime:_jmpuwind_.obj
 0001:00001a20       __NLG_Return2              0000000180002a20 f   libvcruntime:_jmpuwind_.obj
 0001:00001a24       __vcrt_freefls             0000000180002a24 f   libvcruntime:per_thread_data.obj
 0001:00001a44       __vcrt_freeptd             0000000180002a44 f   libvcruntime:per_thread_data.obj
 0001:00001a94       __vcrt_getptd_noexit       0000000180002a94 f   libvcruntime:per_thread_data.obj
 0001:00001b4c       __vcrt_initialize_ptd      0000000180002b4c f   libvcruntime:per_thread_data.obj
 0001:00001b8c       __vcrt_uninitialize_ptd    0000000180002b8c f   libvcruntime:per_thread_data.obj
 0001:00001bb0       __vcrt_initialize_locks    0000000180002bb0 f   libvcruntime:locks.obj
 0001:00001bf8       __vcrt_uninitialize_locks  0000000180002bf8 f   libvcruntime:locks.obj
 0001:00001df8       __vcrt_FlsAlloc            0000000180002df8 f   libvcruntime:winapi_downlevel.obj
 0001:00001e4c       __vcrt_FlsFree             0000000180002e4c f   libvcruntime:winapi_downlevel.obj
 0001:00001ea0       __vcrt_FlsGetValue         0000000180002ea0 f   libvcruntime:winapi_downlevel.obj
 0001:00001ef4       __vcrt_FlsSetValue         0000000180002ef4 f   libvcruntime:winapi_downlevel.obj
 0001:00001f5c       __vcrt_InitializeCriticalSectionEx 0000000180002f5c f   libvcruntime:winapi_downlevel.obj
 0001:00001fd4       __vcrt_initialize_winapi_thunks 0000000180002fd4 f   libvcruntime:winapi_downlevel.obj
 0001:00002020       __vcrt_uninitialize_winapi_thunks 0000000180003020 f   libvcruntime:winapi_downlevel.obj
 0001:00002060       __vcrt_initialize_pure_virtual_call_handler 0000000180003060 f   libvcruntime:purevirt_data.obj
 0001:00002084       ??0_LocaleUpdate@@QEAA@QEAU__crt_locale_pointers@@@Z 0000000180003084 f i libucrt:stricmp.obj
 0001:00002114       __ascii_stricmp            0000000180003114 f   libucrt:stricmp.obj
 0001:00002150       _stricmp                   0000000180003150 f   libucrt:stricmp.obj
 0001:00002198       _stricmp_l                 0000000180003198 f   libucrt:stricmp.obj
 0001:0000224c       _initterm                  000000018000324c f   libucrt:initterm.obj
 0001:000022c4       _initterm_e                00000001800032c4 f   libucrt:initterm.obj
 0001:00002310       _seh_filter_dll            0000000180003310 f   libucrt:exception_filter.obj
 0001:00002324       _seh_filter_exe            0000000180003324 f   libucrt:exception_filter.obj
 0001:000026e4       __acrt_initialize_thread_local_exit_callback 00000001800036e4 f   libucrt:exit.obj
 0001:000026ec       _cexit                     00000001800036ec f   libucrt:exit.obj
 0001:000026fc       _exit                      00000001800036fc f   libucrt:exit.obj
 0001:00002708       _is_c_termination_complete 0000000180003708 f   libucrt:exit.obj
 0001:000028cc       __acrt_allocate_buffer_for_argv 00000001800038cc f   libucrt:argv_parsing.obj
 0001:00002930       _configure_narrow_argv     0000000180003930 f   libucrt:argv_parsing.obj
 0001:00002c8c       __dcrt_uninitialize_environments_nolock 0000000180003c8c f   libucrt:environment_initialization.obj
 0001:00002cc4       _initialize_narrow_environment 0000000180003cc4 f   libucrt:environment_initialization.obj
 0001:00002ccc       ??$?RV<lambda_b8c45f8f788dd370798f47cfe8ac3a86>@@AEAV<lambda_4e60a939b0d047cfe11ddc22648dfba9>@@V<lambda_332c3edc96d0294ec56c57d38c1cdfd5>@@@?$__crt_seh_guarded_call@H@@QEAAH$$QEAV<lambda_b8c45f8f788dd370798f47cfe8ac3a86>@@AEAV<lambda_4e60a939b0d047cfe11ddc22648dfba9>@@$$QEAV<lambda_332c3edc96d0294ec56c57d38c1cdfd5>@@@Z 0000000180003ccc f i libucrt:onexit.obj
 0001:00002d08       ??$?RV<lambda_e24bbb7b643b32fcea6fa61b31d4c984>@@AEAV<lambda_275893d493268fdec8709772e3fcec0e>@@V<lambda_9d71df4d7cf3f480f8d633942495c3b0>@@@?$__crt_seh_guarded_call@H@@QEAAH$$QEAV<lambda_e24bbb7b643b32fcea6fa61b31d4c984>@@AEAV<lambda_275893d493268fdec8709772e3fcec0e>@@$$QEAV<lambda_9d71df4d7cf3f480f8d633942495c3b0>@@@Z 0000000180003d08 f i libucrt:onexit.obj
 0001:00003084       _crt_atexit                0000000180004084 f   libucrt:onexit.obj
 0001:00003094       _execute_onexit_table      0000000180004094 f   libucrt:onexit.obj
 0001:000030d0       _initialize_onexit_table   00000001800040d0 f   libucrt:onexit.obj
 0001:00003110       _register_onexit_function  0000000180004110 f   libucrt:onexit.obj
 0001:0000328c       __acrt_uninitialize_command_line 000000018000428c f   libucrt:argv_data.obj
 0001:00003290       __acrt_initialize          0000000180004290 f   libucrt:initialization.obj
 0001:000032a4       __acrt_thread_attach       00000001800042a4 f   libucrt:initialization.obj
 0001:000032b8       __acrt_thread_detach       00000001800042b8 f   libucrt:initialization.obj
 0001:000032c8       __acrt_uninitialize        00000001800042c8 f   libucrt:initialization.obj
 0001:000032dc       __acrt_uninitialize_critical 00000001800042dc f   libucrt:initialization.obj
 0001:000032ec       terminate                  00000001800042ec f   libucrt:terminate.obj
 0001:00003314       _free_base                 0000000180004314 f   libucrt:free_base.obj
 0001:00003354       _malloc_base               0000000180004354 f   libucrt:malloc_base.obj
 0001:000033b4       strcpy_s                   00000001800043b4 f   libucrt:strcpy_s.obj
 0001:00003414       abort                      0000000180004414 f   libucrt:abort.obj
 0001:0000346c       _calloc_base               000000018000446c f   libucrt:calloc_base.obj
 0001:000034e4       __acrt_call_reportfault    00000001800044e4 f   libucrt:invalid_parameter.obj
 0001:00003640       __acrt_initialize_invalid_parameter_handler 0000000180004640 f   libucrt:invalid_parameter.obj
 0001:00003648       _invalid_parameter         0000000180004648 f   libucrt:invalid_parameter.obj
 0001:000036f0       _invalid_parameter_noinfo  00000001800046f0 f   libucrt:invalid_parameter.obj
 0001:00003710       _invoke_watson             0000000180004710 f   libucrt:invalid_parameter.obj
 0001:00003758       __acrt_errno_from_os_error 0000000180004758 f   libucrt:errno.obj
 0001:000037a0       __acrt_errno_map_os_error  00000001800047a0 f   libucrt:errno.obj
 0001:000037f0       __doserrno                 00000001800047f0 f   libucrt:errno.obj
 0001:00003810       _errno                     0000000180004810 f   libucrt:errno.obj
 0001:00003880       _tolower_l                 0000000180004880 f   libucrt:tolower_toupper.obj
 0001:000039c0       ??$?RV<lambda_46352004c1216016012b18bd6f87e700>@@AEAV<lambda_3bd07e1a1191394380780325891bf33f>@@V<lambda_334532d3f185bcaa59b5be82d7d22bff>@@@?$__crt_seh_guarded_call@X@@QEAAX$$QEAV<lambda_46352004c1216016012b18bd6f87e700>@@AEAV<lambda_3bd07e1a1191394380780325891bf33f>@@$$QEAV<lambda_334532d3f185bcaa59b5be82d7d22bff>@@@Z 00000001800049c0 f i libucrt:per_thread_data.obj
 0001:00003a20       ??$?RV<lambda_5e887d1dcbef67a5eb4283622ba103bf>@@AEAV<lambda_4466841279450cc726390878d4a41900>@@V<lambda_341c25c0346d94847f1f3c463c57e077>@@@?$__crt_seh_guarded_call@X@@QEAAX$$QEAV<lambda_5e887d1dcbef67a5eb4283622ba103bf>@@AEAV<lambda_4466841279450cc726390878d4a41900>@@$$QEAV<lambda_341c25c0346d94847f1f3c463c57e077>@@@Z 0000000180004a20 f i libucrt:per_thread_data.obj
 0001:00003a68       ??$?RV<lambda_72d1df2b273a38828b1ce30cbf4cdab5>@@AEAV<lambda_876a65b173b8412d3a47c70a915b0cf4>@@V<lambda_41932305e351933ebe8f8be3ed8bb5dc>@@@?$__crt_seh_guarded_call@X@@QEAAX$$QEAV<lambda_72d1df2b273a38828b1ce30cbf4cdab5>@@AEAV<lambda_876a65b173b8412d3a47c70a915b0cf4>@@$$QEAV<lambda_41932305e351933ebe8f8be3ed8bb5dc>@@@Z 0000000180004a68 f i libucrt:per_thread_data.obj
 0001:00003aa8       ??$?RV<lambda_fb3a7dec4e47f37f22dae91bb15c9095>@@AEAV<lambda_698284760c8add0bfb0756c19673e34b>@@V<lambda_dfb8eca1e75fef3034a8fb18dd509707>@@@?$__crt_seh_guarded_call@X@@QEAAX$$QEAV<lambda_fb3a7dec4e47f37f22dae91bb15c9095>@@AEAV<lambda_698284760c8add0bfb0756c19673e34b>@@$$QEAV<lambda_dfb8eca1e75fef3034a8fb18dd509707>@@@Z 0000000180004aa8 f i libucrt:per_thread_data.obj
 0001:00003d38       __acrt_freeptd             0000000180004d38 f   libucrt:per_thread_data.obj
 0001:00003d7c       __acrt_getptd              0000000180004d7c f   libucrt:per_thread_data.obj
 0001:00003e10       __acrt_getptd_noexit       0000000180004e10 f   libucrt:per_thread_data.obj
 0001:00003eb0       __acrt_initialize_ptd      0000000180004eb0 f   libucrt:per_thread_data.obj
 0001:00003eec       __acrt_uninitialize_ptd    0000000180004eec f   libucrt:per_thread_data.obj
 0001:00003f10       __acrt_update_locale_info  0000000180004f10 f   libucrt:locale_update.obj
 0001:00003f44       __acrt_update_multibyte_info 0000000180004f44 f   libucrt:locale_update.obj
 0001:00003f78       __acrt_set_locale_changed  0000000180004f78 f   libucrt:wsetlocale.obj
 0001:00003f84       __acrt_uninitialize_locale 0000000180004f84 f   libucrt:wsetlocale.obj
 0001:00003fcc       __acrt_initialize_locks    0000000180004fcc f   libucrt:locks.obj
 0001:00004014       __acrt_lock                0000000180005014 f   libucrt:locks.obj
 0001:00004030       __acrt_uninitialize_locks  0000000180005030 f   libucrt:locks.obj
 0001:00004068       __acrt_unlock              0000000180005068 f   libucrt:locks.obj
 0001:00004224       __acrt_FlsAlloc            0000000180005224 f   libucrt:winapi_thunks.obj
 0001:0000427c       __acrt_FlsFree             000000018000527c f   libucrt:winapi_thunks.obj
 0001:000042d4       __acrt_FlsGetValue         00000001800052d4 f   libucrt:winapi_thunks.obj
 0001:0000432c       __acrt_FlsSetValue         000000018000532c f   libucrt:winapi_thunks.obj
 0001:00004394       __acrt_InitializeCriticalSectionEx 0000000180005394 f   libucrt:winapi_thunks.obj
 0001:0000440c       __acrt_LCMapStringEx       000000018000540c f   libucrt:winapi_thunks.obj
 0001:000044fc       __acrt_LocaleNameToLCID    00000001800054fc f   libucrt:winapi_thunks.obj
 0001:00004564       __acrt_initialize_winapi_thunks 0000000180005564 f   libucrt:winapi_thunks.obj
 0001:0000459c       __acrt_is_packaged_app     000000018000559c f   libucrt:winapi_thunks.obj
 0001:00004624       __acrt_uninitialize_winapi_thunks 0000000180005624 f   libucrt:winapi_thunks.obj
 0001:00004b44       ?expand_if_necessary@?$argument_list@D@?A0xca0879c4@@AEAAHXZ 0000000180005b44 f i libucrt:argv_wildcards.obj
 0001:00004c0c       __acrt_expand_narrow_argv_wildcards 0000000180005c0c f   libucrt:argv_wildcards.obj
 0001:00004c14       ??$?RV<lambda_99476a1ad63dd22509b5d3e65b0ffc95>@@AEAV<lambda_ad1ced32f4ac17aa236e5ef05d6b3b7c>@@V<lambda_f7424dd8d45958661754dc4f2697e9c3>@@@?$__crt_seh_guarded_call@X@@QEAAX$$QEAV<lambda_99476a1ad63dd22509b5d3e65b0ffc95>@@AEAV<lambda_ad1ced32f4ac17aa236e5ef05d6b3b7c>@@$$QEAV<lambda_f7424dd8d45958661754dc4f2697e9c3>@@@Z 0000000180005c14 f i libucrt:mbctype.obj
 0001:00005310       __acrt_initialize_multibyte 0000000180006310 f   libucrt:mbctype.obj
 0001:00005338       __acrt_update_thread_multibyte_data 0000000180006338 f   libucrt:mbctype.obj
 0001:000053f8       _setmbcp_nolock            00000001800063f8 f   libucrt:mbctype.obj
 0001:00005718       _ismbblead                 0000000180006718 f   libucrt:ismbbyte.obj
 0001:0000572c       __acrt_initialize_command_line 000000018000672c f   libucrt:argv_data.obj
 0001:00005754       __dcrt_get_narrow_environment_from_os 0000000180006754 f   libucrt:get_environment_from_os.obj
 0001:00005858       _recalloc                  0000000180006858 f   libucrt:recalloc.obj
 0001:00005860       _recalloc_base             0000000180006860 f   libucrt:recalloc.obj
 0001:000058f8       __acrt_initialize_heap     00000001800068f8 f   libucrt:heap_handle.obj
 0001:00005914       __acrt_uninitialize_heap   0000000180006914 f   libucrt:heap_handle.obj
 0001:00005b08       __acrt_initialize_lowio    0000000180006b08 f   libucrt:ioinit.obj
 0001:00005b44       __acrt_uninitialize_lowio  0000000180006b44 f   libucrt:ioinit.obj
 0001:00005b84       __acrt_execute_initializers 0000000180006b84 f   libucrt:shared_initialization.obj
 0001:00005c18       __acrt_execute_uninitializers 0000000180006c18 f   libucrt:shared_initialization.obj
 0001:00005c68       __acrt_initialize_new_handler 0000000180006c68 f   libucrt:new_handler.obj
 0001:00005c70       _callnewh                  0000000180006c70 f   libucrt:new_handler.obj
 0001:00005cb0       _query_new_handler         0000000180006cb0 f   libucrt:new_handler.obj
 0001:00005ce4       ??$?RV<lambda_c36588078e9f5dfd39652860aa6b3aaf>@@AEAV<lambda_ec61778202f4f5fc7e7711acc23c3bca>@@V<lambda_dc9d2797ccde5d239b4a0efae8ebd7db>@@@?$__crt_seh_guarded_call@P6AXH@Z@@QEAAP6AXH@Z$$QEAV<lambda_c36588078e9f5dfd39652860aa6b3aaf>@@AEAV<lambda_ec61778202f4f5fc7e7711acc23c3bca>@@$$QEAV<lambda_dc9d2797ccde5d239b4a0efae8ebd7db>@@@Z 0000000180006ce4 f i libucrt:signal.obj
 0001:00005d2c       __acrt_get_sigabrt_handler 0000000180006d2c f   libucrt:signal.obj
 0001:00005d5c       __acrt_initialize_signal_handlers 0000000180006d5c f   libucrt:signal.obj
 0001:00005d7c       raise                      0000000180006d7c f   libucrt:signal.obj
 0001:00006018       __acrt_has_user_matherr    0000000180007018 f   libucrt:matherr.obj
 0001:00006038       __acrt_initialize_user_matherr 0000000180007038 f   libucrt:matherr.obj
 0001:00006040       __acrt_invoke_user_matherr 0000000180007040 f   libucrt:matherr.obj
 0001:00006088       _query_new_mode            0000000180007088 f   libucrt:new_mode.obj
 0001:00006090       _mbtowc_l                  0000000180007090 f   libucrt:mbtowc.obj
 0001:000061d8       mbtowc                     00000001800071d8 f   libucrt:mbtowc.obj
 0001:000061e0       _fileno                    00000001800071e0 f   libucrt:fileno.obj
 0001:00006208       __acrt_initialize_stdio    0000000180007208 f   libucrt:_file.obj
 0001:00006328       __acrt_uninitialize_stdio  0000000180007328 f   libucrt:_file.obj
 0001:00006384       _lock_file                 0000000180007384 f   libucrt:_file.obj
 0001:00006390       _unlock_file               0000000180007390 f   libucrt:_file.obj
 0001:0000639c       __pctype_func              000000018000739c f   libucrt:ctype.obj
 0001:000063cc       _isctype_l                 00000001800073cc f   libucrt:isctype.obj
 0001:000064dc       _isleadbyte_l              00000001800074dc f i libucrt:_wctype.obj
 0001:00006878       __acrt_LCMapStringA        0000000180007878 f   libucrt:lcmapstringa.obj
 0001:00006910       __acrt_add_locale_ref      0000000180007910 f   libucrt:locale_refcounting.obj
 0001:0000699c       __acrt_free_locale         000000018000799c f   libucrt:locale_refcounting.obj
 0001:00006b14       __acrt_locale_add_lc_time_reference 0000000180007b14 f   libucrt:locale_refcounting.obj
 0001:00006b3c       __acrt_locale_free_lc_time_if_unreferenced 0000000180007b3c f   libucrt:locale_refcounting.obj
 0001:00006b74       __acrt_locale_release_lc_time_reference 0000000180007b74 f   libucrt:locale_refcounting.obj
 0001:00006b9c       __acrt_release_locale_ref  0000000180007b9c f   libucrt:locale_refcounting.obj
 0001:00006c44       __acrt_update_thread_locale_data 0000000180007c44 f   libucrt:locale_refcounting.obj
 0001:00006cb4       _updatetlocinfoEx_nolock   0000000180007cb4 f   libucrt:locale_refcounting.obj
 0001:00006d1c       __acrt_locale_free_monetary 0000000180007d1c f   libucrt:initmon.obj
 0001:00006e28       __acrt_locale_free_numeric 0000000180007e28 f   libucrt:initnum.obj
 0001:00006eec       __acrt_locale_free_time    0000000180007eec f   libucrt:inittime.obj
 0001:00006ff4       __acrt_GetStringTypeA      0000000180007ff4 f   libucrt:getstringtypea.obj
 0001:00007270       __acrt_DownlevelLocaleNameToLCID 0000000180008270 f   libucrt:lcidtoname_downlevel.obj
 0001:00007380       qsort                      0000000180008380 f   libucrt:qsort.obj
 0001:000076b4       strncpy_s                  00000001800086b4 f   libucrt:strncpy_s.obj
 0001:00007788       strpbrk                    0000000180008788 f   libucrt:strpbrk.obj
 0001:00007828       _mbsdec                    0000000180008828 f   libucrt:mbsdec.obj
 0001:00007830       _mbsdec_l                  0000000180008830 f   libucrt:mbsdec.obj
 0001:000078e0       _msize                     00000001800088e0 f   libucrt:msize.obj
 0001:0000791c       _realloc_base              000000018000891c f   libucrt:realloc_base.obj
 0001:000079a0       __acrt_lowio_create_handle_array 00000001800089a0 f   libucrt:osfinfo.obj
 0001:00007a38       __acrt_lowio_destroy_handle_array 0000000180008a38 f   libucrt:osfinfo.obj
 0001:00007a88       __acrt_lowio_ensure_fh_exists 0000000180008a88 f   libucrt:osfinfo.obj
 0001:00007b40       __acrt_lowio_lock_fh       0000000180008b40 f   libucrt:osfinfo.obj
 0001:00007b64       __acrt_lowio_unlock_fh     0000000180008b64 f   libucrt:osfinfo.obj
 0001:00007b88       _free_osfhnd               0000000180008b88 f   libucrt:osfinfo.obj
 0001:00007c44       _get_osfhandle             0000000180008c44 f   libucrt:osfinfo.obj
 0001:00007cbc       _isatty                    0000000180008cbc f   libucrt:isatty.obj
 0001:00007d1c       __acrt_stdio_flush_nolock  0000000180008d1c f   libucrt:fflush.obj
 0001:00007d94       _fflush_nolock             0000000180008d94 f   libucrt:fflush.obj
 0001:00007de0       _flushall                  0000000180008de0 f   libucrt:fflush.obj
 0001:00007ed0       _fcloseall                 0000000180008ed0 f   libucrt:closeall.obj
 0001:00007f84       __acrt_stdio_free_buffer_nolock 0000000180008f84 f   libucrt:_freebuf.obj
 0001:00007fc4       __strncnt                  0000000180008fc4 f   libucrt:strncnt.obj
 0001:00007fdc       _query_app_type            0000000180008fdc f   libucrt:report_runtime_error.obj
 0001:00007fe4       ??$?RV<lambda_b521505b218e5242e90febf6bfebc422>@@AEAV<lambda_6978c1fb23f02e42e1d9e99668cc68aa>@@V<lambda_314360699dd331753a4119843814e9a7>@@@?$__crt_seh_guarded_call@H@@QEAAH$$QEAV<lambda_b521505b218e5242e90febf6bfebc422>@@AEAV<lambda_6978c1fb23f02e42e1d9e99668cc68aa>@@$$QEAV<lambda_314360699dd331753a4119843814e9a7>@@@Z 0000000180008fe4 f i libucrt:commit.obj
 0001:00008070       _commit                    0000000180009070 f   libucrt:commit.obj
 0001:000086a4       _write                     00000001800096a4 f   libucrt:write.obj
 0001:00008790       _write_nolock              0000000180009790 f   libucrt:write.obj
 0001:00008a80       log10                      0000000180009a80 f   libucrt:log10.obj
 0001:000090c8       _lseeki64_nolock           000000018000a0c8 f   libucrt:lseek.obj
 0001:000090d0       _fclose_nolock             000000018000a0d0 f   libucrt:fclose.obj
 0001:00009154       fclose                     000000018000a154 f   libucrt:fclose.obj
 0001:000091c0       _putwch_nolock             000000018000a1c0 f   libucrt:putwch.obj
 0001:00009340       _handle_error              000000018000a340 f   libucrt:libm_error.obj
 0001:00009470       __acrt_initialize_fma3     000000018000a470 f   libucrt:fma3_available.obj
 0001:000094e0       _log10_special             000000018000a4e0 f   libucrt:log_special.obj
 0001:00009598       ??$?RV<lambda_bfedae4ebbf01fab1bb6dcc6a9e276e0>@@AEAV<lambda_2fe9b910cf3cbf4a0ab98a02ba45b3ec>@@V<lambda_237c231691f317818eb88cc1d5d642d6>@@@?$__crt_seh_guarded_call@H@@QEAAH$$QEAV<lambda_bfedae4ebbf01fab1bb6dcc6a9e276e0>@@AEAV<lambda_2fe9b910cf3cbf4a0ab98a02ba45b3ec>@@$$QEAV<lambda_237c231691f317818eb88cc1d5d642d6>@@@Z 000000018000a598 f i libucrt:close.obj
 0001:0000960c       _close                     000000018000a60c f   libucrt:close.obj
 0001:000096b0       _close_nolock              000000018000a6b0 f   libucrt:close.obj
 0001:0000976c       ?__acrt_stdio_free_stream@@YAXV__crt_stdio_stream@@@Z 000000018000a76c f   libucrt:stream.obj
 0001:000097b0       __dcrt_lowio_initialize_console_output 000000018000a7b0 f   libucrt:initcon.obj
 0001:000097ec       __dcrt_terminate_console_output 000000018000a7ec f   libucrt:initcon.obj
 0001:00009820       _get_fpsr                  000000018000a820 f   libucrt:fpsr.obj
 0001:00009830       _set_fpsr                  000000018000a830 f   libucrt:fpsr.obj
 0001:0000983a       _fclrf                     000000018000a83a f   libucrt:fpsr.obj
 0001:0000984e       _frnd                      000000018000a84e f   libucrt:fpsr.obj
 0001:00009870       _raise_exc                 000000018000a870 f   libucrt:fpexcept.obj
 0001:00009898       _raise_exc_ex              000000018000a898 f   libucrt:fpexcept.obj
 0001:00009ba0       _set_errno_from_matherr    000000018000aba0 f   libucrt:fpexcept.obj
 0001:00009bd0       _clrfp                     000000018000abd0 f   libucrt:fpctrl.obj
 0001:00009bf0       _ctrlfp                    000000018000abf0 f   libucrt:fpctrl.obj
 0001:00009c6c       _set_statfp                000000018000ac6c f   libucrt:fpctrl.obj
 0001:00009c8c       _statfp                    000000018000ac8c f   libucrt:fpctrl.obj
 0001:00009c9e       IsProcessorFeaturePresent  000000018000ac9e f   kernel32:KERNEL32.dll
 0001:00009ca4       RtlUnwindEx                000000018000aca4 f   kernel32:KERNEL32.dll
 0001:00009cac       ?DloadAcquireSectionWriteAccess@@YAXXZ 000000018000acac f i DelayImp:delayhlp.obj
 0001:00009d68       ?DloadGetSRWLockFunctionPointers@@YAEXZ 000000018000ad68 f i DelayImp:delayhlp.obj
 0001:00009e04       ?DloadMakePermanentImageCommit@@YAXPEAX_K@Z 000000018000ae04 f i DelayImp:delayhlp.obj
 0001:00009e9c       ?DloadObtainSection@@YAPEAXPEAK0@Z 000000018000ae9c f i DelayImp:delayhlp.obj
 0001:00009f34       ?DloadProtectSection@@YAXKPEAK@Z 000000018000af34 f i DelayImp:delayhlp.obj
 0001:00009fc4       ?DloadReleaseSectionWriteAccess@@YAXXZ 000000018000afc4 f i DelayImp:delayhlp.obj
 0001:0000a068       __delayLoadHelper2         000000018000b068 f   DelayImp:delayhlp.obj
 0001:0000a370       _FindPESection             000000018000b370 f   LIBCMT:pesect.obj
 0001:0000a3c0       _IsNonwritableInCurrentImage 000000018000b3c0 f   LIBCMT:pesect.obj
 0001:0000a410       _ValidateImageBase         000000018000b410 f   LIBCMT:pesect.obj
 0001:0000a440       __GSHandlerCheck           000000018000b440 f   LIBCMT:_gshandler_.obj
 0001:0000a460       __GSHandlerCheckCommon     000000018000b460 f   LIBCMT:_gshandler_.obj
 0001:0000a4d0       __chkstk                   000000018000b4d0 f   LIBCMT:_chkstk_.obj
 0001:0000a4d0       _alloca_probe              000000018000b4d0 f   LIBCMT:_chkstk_.obj
 0001:0000a540       memcpy                     000000018000b540 f   libvcruntime:memcpy.obj
 0001:0000a540       memmove                    000000018000b540 f   libvcruntime:memcpy.obj
 0001:0000a990       memcmp                     000000018000b990 f   libvcruntime:memcmp.obj
 0001:0000aa70       _guard_dispatch_icall_nop  000000018000ba70 f   LIBCMT:_guard_dispatch_.obj
 0002:00000000       __imp_OpenProcess          000000018000c000     kernel32:KERNEL32.dll
 0002:00000008       __imp_QueryFullProcessImageNameA 000000018000c008     kernel32:KERNEL32.dll
 0002:00000010       __imp_CloseHandle          000000018000c010     kernel32:KERNEL32.dll
 0002:00000018       __imp_GetModuleHandleA     000000018000c018     kernel32:KERNEL32.dll
 0002:00000020       __imp_VirtualQuery         000000018000c020     kernel32:KERNEL32.dll
 0002:00000028       __imp_VirtualProtect       000000018000c028     kernel32:KERNEL32.dll
 0002:00000030       __imp_GetSystemInfo        000000018000c030     kernel32:KERNEL32.dll
 0002:00000038       __imp_RaiseException       000000018000c038     kernel32:KERNEL32.dll
 0002:00000040       __imp_CreateFileW          000000018000c040     kernel32:KERNEL32.dll
 0002:00000048       __imp_WriteConsoleW        000000018000c048     kernel32:KERNEL32.dll
 0002:00000050       __imp_RtlCaptureContext    000000018000c050     kernel32:KERNEL32.dll
 0002:00000058       __imp_RtlLookupFunctionEntry 000000018000c058     kernel32:KERNEL32.dll
 0002:00000060       __imp_RtlVirtualUnwind     000000018000c060     kernel32:KERNEL32.dll
 0002:00000068       __imp_UnhandledExceptionFilter 000000018000c068     kernel32:KERNEL32.dll
 0002:00000070       __imp_SetUnhandledExceptionFilter 000000018000c070     kernel32:KERNEL32.dll
 0002:00000078       __imp_GetCurrentProcess    000000018000c078     kernel32:KERNEL32.dll
 0002:00000080       __imp_TerminateProcess     000000018000c080     kernel32:KERNEL32.dll
 0002:00000088       __imp_IsProcessorFeaturePresent 000000018000c088     kernel32:KERNEL32.dll
 0002:00000090       __imp_QueryPerformanceCounter 000000018000c090     kernel32:KERNEL32.dll
 0002:00000098       __imp_GetCurrentProcessId  000000018000c098     kernel32:KERNEL32.dll
 0002:000000a0       __imp_GetCurrentThreadId   000000018000c0a0     kernel32:KERNEL32.dll
 0002:000000a8       __imp_GetSystemTimeAsFileTime 000000018000c0a8     kernel32:KERNEL32.dll
 0002:000000b0       __imp_InitializeSListHead  000000018000c0b0     kernel32:KERNEL32.dll
 0002:000000b8       __imp_IsDebuggerPresent    000000018000c0b8     kernel32:KERNEL32.dll
 0002:000000c0       __imp_GetStartupInfoW      000000018000c0c0     kernel32:KERNEL32.dll
 0002:000000c8       __imp_GetModuleHandleW     000000018000c0c8     kernel32:KERNEL32.dll
 0002:000000d0       __imp_RtlUnwindEx          000000018000c0d0     kernel32:KERNEL32.dll
 0002:000000d8       __imp_InterlockedFlushSList 000000018000c0d8     kernel32:KERNEL32.dll
 0002:000000e0       __imp_GetLastError         000000018000c0e0     kernel32:KERNEL32.dll
 0002:000000e8       __imp_SetLastError         000000018000c0e8     kernel32:KERNEL32.dll
 0002:000000f0       __imp_EnterCriticalSection 000000018000c0f0     kernel32:KERNEL32.dll
 0002:000000f8       __imp_LeaveCriticalSection 000000018000c0f8     kernel32:KERNEL32.dll
 0002:00000100       __imp_DeleteCriticalSection 000000018000c100     kernel32:KERNEL32.dll
 0002:00000108       __imp_InitializeCriticalSectionAndSpinCount 000000018000c108     kernel32:KERNEL32.dll
 0002:00000110       __imp_TlsAlloc             000000018000c110     kernel32:KERNEL32.dll
 0002:00000118       __imp_TlsGetValue          000000018000c118     kernel32:KERNEL32.dll
 0002:00000120       __imp_TlsSetValue          000000018000c120     kernel32:KERNEL32.dll
 0002:00000128       __imp_TlsFree              000000018000c128     kernel32:KERNEL32.dll
 0002:00000130       __imp_FreeLibrary          000000018000c130     kernel32:KERNEL32.dll
 0002:00000138       __imp_GetProcAddress       000000018000c138     kernel32:KERNEL32.dll
 0002:00000140       __imp_LoadLibraryExW       000000018000c140     kernel32:KERNEL32.dll
 0002:00000148       __imp_ExitProcess          000000018000c148     kernel32:KERNEL32.dll
 0002:00000150       __imp_GetModuleHandleExW   000000018000c150     kernel32:KERNEL32.dll
 0002:00000158       __imp_GetModuleFileNameA   000000018000c158     kernel32:KERNEL32.dll
 0002:00000160       __imp_MultiByteToWideChar  000000018000c160     kernel32:KERNEL32.dll
 0002:00000168       __imp_WideCharToMultiByte  000000018000c168     kernel32:KERNEL32.dll
 0002:00000170       __imp_HeapFree             000000018000c170     kernel32:KERNEL32.dll
 0002:00000178       __imp_HeapAlloc            000000018000c178     kernel32:KERNEL32.dll
 0002:00000180       __imp_GetACP               000000018000c180     kernel32:KERNEL32.dll
 0002:00000188       __imp_LCMapStringW         000000018000c188     kernel32:KERNEL32.dll
 0002:00000190       __imp_FindClose            000000018000c190     kernel32:KERNEL32.dll
 0002:00000198       __imp_FindFirstFileExA     000000018000c198     kernel32:KERNEL32.dll
 0002:000001a0       __imp_FindNextFileA        000000018000c1a0     kernel32:KERNEL32.dll
 0002:000001a8       __imp_IsValidCodePage      000000018000c1a8     kernel32:KERNEL32.dll
 0002:000001b0       __imp_GetOEMCP             000000018000c1b0     kernel32:KERNEL32.dll
 0002:000001b8       __imp_GetCPInfo            000000018000c1b8     kernel32:KERNEL32.dll
 0002:000001c0       __imp_GetCommandLineA      000000018000c1c0     kernel32:KERNEL32.dll
 0002:000001c8       __imp_GetCommandLineW      000000018000c1c8     kernel32:KERNEL32.dll
 0002:000001d0       __imp_GetEnvironmentStringsW 000000018000c1d0     kernel32:KERNEL32.dll
 0002:000001d8       __imp_FreeEnvironmentStringsW 000000018000c1d8     kernel32:KERNEL32.dll
 0002:000001e0       __imp_GetProcessHeap       000000018000c1e0     kernel32:KERNEL32.dll
 0002:000001e8       __imp_GetStdHandle         000000018000c1e8     kernel32:KERNEL32.dll
 0002:000001f0       __imp_GetFileType          000000018000c1f0     kernel32:KERNEL32.dll
 0002:000001f8       __imp_GetStringTypeW       000000018000c1f8     kernel32:KERNEL32.dll
 0002:00000200       __imp_HeapSize             000000018000c200     kernel32:KERNEL32.dll
 0002:00000208       __imp_HeapReAlloc          000000018000c208     kernel32:KERNEL32.dll
 0002:00000210       __imp_SetStdHandle         000000018000c210     kernel32:KERNEL32.dll
 0002:00000218       __imp_WriteFile            000000018000c218     kernel32:KERNEL32.dll
 0002:00000220       __imp_FlushFileBuffers     000000018000c220     kernel32:KERNEL32.dll
 0002:00000228       __imp_GetConsoleCP         000000018000c228     kernel32:KERNEL32.dll
 0002:00000230       __imp_GetConsoleMode       000000018000c230     kernel32:KERNEL32.dll
 0002:00000238       __imp_SetFilePointerEx     000000018000c238     kernel32:KERNEL32.dll
 0002:00000240       __imp_LoadLibraryExA       000000018000c240     kernel32:KERNEL32.dll
 0002:00000248       \177KERNEL32_NULL_THUNK_DATA 000000018000c248     kernel32:KERNEL32.dll
 0002:00000250       __imp_GetKeyState          000000018000c250     user32:USER32.dll
 0002:00000258       __imp_GetWindowTextA       000000018000c258     user32:USER32.dll
 0002:00000260       __imp_GetForegroundWindow  000000018000c260     user32:USER32.dll
 0002:00000268       __imp_SendInput            000000018000c268     user32:USER32.dll
 0002:00000270       __imp_GetWindowThreadProcessId 000000018000c270     user32:USER32.dll
 0002:00000278       \177USER32_NULL_THUNK_DATA 000000018000c278     user32:USER32.dll
 0002:00000280       __guard_check_icall_fptr   000000018000c280     LIBCMT:guard_support.obj
 0002:00000288       __guard_dispatch_icall_fptr 000000018000c288     LIBCMT:guard_support.obj
 0002:00000290       __xc_a                     000000018000c290     LIBCMT:initializers.obj
 0002:00000298       _register_KeeperFill_      000000018000c298     KeeperFill.obj
 0002:000002a0       __xc_z                     000000018000c2a0     LIBCMT:initializers.obj
 0002:000002a8       __xi_a                     000000018000c2a8     LIBCMT:initializers.obj
 0002:000002b0       __acrt_multibyte_initializer 000000018000c2b0     libucrt:multibyte_initializer.obj
 0002:000002b8       __acrt_stdio_initializer   000000018000c2b8     libucrt:stdio_initializer.obj
 0002:000002c0       __acrt_tran_fma3_initializer 000000018000c2c0     libucrt:fma3_initializer.obj
 0002:000002c8       __xi_z                     000000018000c2c8     LIBCMT:initializers.obj
 0002:000002d0       __xp_a                     000000018000c2d0     LIBCMT:initializers.obj
 0002:000002d8       __acrt_locale_terminator   000000018000c2d8     libucrt:locale_initializer.obj
 0002:000002e0       __dcrt_console_output_terminator 000000018000c2e0     libucrt:console_output_initializer.obj
 0002:000002e8       __acrt_stdio_terminator    000000018000c2e8     libucrt:stdio_initializer.obj
 0002:000002f0       __xp_z                     000000018000c2f0     LIBCMT:initializers.obj
 0002:000002f8       __xt_a                     000000018000c2f8     LIBCMT:initializers.obj
 0002:00000300       __xt_z                     000000018000c300     LIBCMT:initializers.obj
 0002:00000310       __sz_node_exe              000000018000c310     node:node.exe
 0002:00000320       _pRawDllMain               000000018000c320     LIBCMT:dll_dllmain.obj
 0002:00000320       _pDefaultRawDllMain        000000018000c320     LIBCMT:dll_dllmain.obj
 0002:00000358       ??_C@_1BC@DNHGCMLG@?$AAa?$AAd?$AAv?$AAa?$AAp?$AAi?$AA3?$AA2?$AA?$AA@ 000000018000c358     libvcruntime:winapi_downlevel.obj
 0002:00000370       ??_C@_1DM@KHCHBNEB@?$AAa?$AAp?$AAi?$AA?9?$AAm?$AAs?$AA?9?$AAw?$AAi?$AAn?$AA?9?$AAc?$AAo?$AAr?$AAe?$AA?9?$AAf?$AAi?$AAb?$AAe?$AAr?$AAs?$AA?9?$AAl?$AA1?$AA?9?$AA1?$AA?9?$AA1?$AA?$AA@ 000000018000c370     libvcruntime:winapi_downlevel.obj
 0002:000003b0       ??_C@_1DK@LPPGFMPP@?$AAa?$AAp?$AAi?$AA?9?$AAm?$AAs?$AA?9?$AAw?$AAi?$AAn?$AA?9?$AAc?$AAo?$AAr?$AAe?$AA?9?$AAs?$AAy?$AAn?$AAc?$AAh?$AA?9?$AAl?$AA1?$AA?9?$AA2?$AA?9?$AA0?$AA?$AA@ 000000018000c3b0     libvcruntime:winapi_downlevel.obj
 0002:000003f0       ??_C@_1BC@GDMECMAK@?$AAk?$AAe?$AAr?$AAn?$AAe?$AAl?$AA3?$AA2?$AA?$AA@ 000000018000c3f0     libvcruntime:winapi_downlevel.obj
 0002:00000410       ??_C@_08KNHFBNJ@FlsAlloc?$AA@ 000000018000c410     libvcruntime:winapi_downlevel.obj
 0002:00000428       ??_C@_07PEJMOBNF@FlsFree?$AA@ 000000018000c428     libvcruntime:winapi_downlevel.obj
 0002:00000438       ??_C@_0M@GDNOONDI@FlsGetValue?$AA@ 000000018000c438     libvcruntime:winapi_downlevel.obj
 0002:00000450       ??_C@_0M@JCPCPOEF@FlsSetValue?$AA@ 000000018000c450     libvcruntime:winapi_downlevel.obj
 0002:00000468       ??_C@_0BM@HCFOFFN@InitializeCriticalSectionEx?$AA@ 000000018000c468     libvcruntime:winapi_downlevel.obj
 0002:000007b0       ??_C@_08EHJDFFNH@__based?$CI?$AA@ 000000018000c7b0     libvcruntime:undname.obj
 0002:000007c0       ??_C@_07KOLFKCDI@__cdecl?$AA@ 000000018000c7c0     libvcruntime:undname.obj
 0002:000007c8       ??_C@_08GHMPAG@__pascal?$AA@ 000000018000c7c8     libvcruntime:undname.obj
 0002:000007d8       ??_C@_09IFJBGAPI@__stdcall?$AA@ 000000018000c7d8     libvcruntime:undname.obj
 0002:000007e8       ??_C@_0L@NPHFGOKO@__thiscall?$AA@ 000000018000c7e8     libvcruntime:undname.obj
 0002:000007f8       ??_C@_0L@JMKHOMEK@__fastcall?$AA@ 000000018000c7f8     libvcruntime:undname.obj
 0002:00000808       ??_C@_0N@BCKKPABJ@__vectorcall?$AA@ 000000018000c808     libvcruntime:undname.obj
 0002:00000818       ??_C@_09HIJEGCPM@__clrcall?$AA@ 000000018000c818     libvcruntime:undname.obj
 0002:00000824       ??_C@_06GHPCKEAG@__eabi?$AA@ 000000018000c824     libvcruntime:undname.obj
 0002:00000830       ??_C@_07JOMMBBKO@__ptr64?$AA@ 000000018000c830     libvcruntime:undname.obj
 0002:00000838       ??_C@_0L@PILCLIHE@__restrict?$AA@ 000000018000c838     libvcruntime:undname.obj
 0002:00000848       ??_C@_0M@GFIIJFMG@__unaligned?$AA@ 000000018000c848     libvcruntime:undname.obj
 0002:00000858       ??_C@_09DHDLOLLB@restrict?$CI?$AA@ 000000018000c858     libvcruntime:undname.obj
 0002:00000862       ??_C@_00CNPNBAHC@?$AA@     000000018000c862     libvcruntime:undname.obj
 0002:00000864       ??_C@_04NIHEBCM@?5new?$AA@ 000000018000c864     libvcruntime:undname.obj
 0002:00000870       ??_C@_07FPCDHGMM@?5delete?$AA@ 000000018000c870     libvcruntime:undname.obj
 0002:00000878       ??_C@_01NEMOKFLO@?$DN?$AA@ 000000018000c878     libvcruntime:undname.obj
 0002:0000087c       ??_C@_02GPIOPFAK@?$DO?$DO?$AA@ 000000018000c87c     libvcruntime:undname.obj
 0002:00000880       ??_C@_02FODMEDOG@?$DM?$DM?$AA@ 000000018000c880     libvcruntime:undname.obj
 0002:00000884       ??_C@_01DCLJPIOD@?$CB?$AA@ 000000018000c884     libvcruntime:undname.obj
 0002:00000888       ??_C@_02EGOFBIJA@?$DN?$DN?$AA@ 000000018000c888     libvcruntime:undname.obj
 0002:0000088c       ??_C@_02FDNJECIE@?$CB?$DN?$AA@ 000000018000c88c     libvcruntime:undname.obj
 0002:00000890       ??_C@_02GPECMEKF@?$FL?$FN?$AA@ 000000018000c890     libvcruntime:undname.obj
 0002:00000898       ??_C@_08LHJFAFGD@operator?$AA@ 000000018000c898     libvcruntime:undname.obj
 0002:000008a4       ??_C@_02HBOOOICD@?9?$DO?$AA@ 000000018000c8a4     libvcruntime:undname.obj
 0002:000008a8       ??_C@_01NBENCBCI@?$CK?$AA@ 000000018000c8a8     libvcruntime:undname.obj
 0002:000008ac       ??_C@_02ECNGHCIF@?$CL?$CL?$AA@ 000000018000c8ac     libvcruntime:undname.obj
 0002:000008b0       ??_C@_02BAABKJLB@?9?9?$AA@ 000000018000c8b0     libvcruntime:undname.obj
 0002:000008b4       ??_C@_01JOAMLHOP@?9?$AA@   000000018000c8b4     libvcruntime:undname.obj
 0002:000008b8       ??_C@_01MIFGBAGJ@?$CL?$AA@ 000000018000c8b8     libvcruntime:undname.obj
 0002:000008bc       ??_C@_01HNPIGOCE@?$CG?$AA@ 000000018000c8bc     libvcruntime:undname.obj
 0002:000008c0       ??_C@_03MNHNFDLC@?9?$DO?$CK?$AA@ 000000018000c8c0     libvcruntime:undname.obj
 0002:000008c4       ??_C@_01KMDKNFGN@?1?$AA@   000000018000c8c4     libvcruntime:undname.obj
 0002:000008c8       ??_C@_01FGNFDNOH@?$CF?$AA@ 000000018000c8c8     libvcruntime:undname.obj
 0002:000008cc       ??_C@_01MNNFJEPP@?$DM?$AA@ 000000018000c8cc     libvcruntime:undname.obj
 0002:000008d0       ??_C@_02EHCHHCKH@?$DM?$DN?$AA@ 000000018000c8d0     libvcruntime:undname.obj
 0002:000008d4       ??_C@_01PPODPGHN@?$DO?$AA@ 000000018000c8d4     libvcruntime:undname.obj
 0002:000008d8       ??_C@_02EEKDKGMJ@?$DO?$DN?$AA@ 000000018000c8d8     libvcruntime:undname.obj
 0002:000008dc       ??_C@_01IHBHIGKO@?0?$AA@   000000018000c8dc     libvcruntime:undname.obj
 0002:000008e0       ??_C@_02HCKGKOFO@?$CI?$CJ?$AA@ 000000018000c8e0     libvcruntime:undname.obj
 0002:000008e4       ??_C@_01PJKLJHI@?$HO?$AA@  000000018000c8e4     libvcruntime:undname.obj
 0002:000008e8       ??_C@_01JKBOJNNK@?$FO?$AA@ 000000018000c8e8     libvcruntime:undname.obj
 0002:000008ec       ??_C@_01DNKMNLPK@?$HM?$AA@ 000000018000c8ec     libvcruntime:undname.obj
 0002:000008f0       ??_C@_02PPKAJPJL@?$CG?$CG?$AA@ 000000018000c8f0     libvcruntime:undname.obj
 0002:000008f4       ??_C@_02NONPIBCD@?$HM?$HM?$AA@ 000000018000c8f4     libvcruntime:undname.obj
 0002:000008f8       ??_C@_02FPIMKNGF@?$CK?$DN?$AA@ 000000018000c8f8     libvcruntime:undname.obj
 0002:000008fc       ??_C@_02FOEOMHFC@?$CL?$DN?$AA@ 000000018000c8fc     libvcruntime:undname.obj
 0002:00000900       ??_C@_02FKMDLLOA@?9?$DN?$AA@ 000000018000c900     libvcruntime:undname.obj
 0002:00000904       ??_C@_02FJEHGPIO@?1?$DN?$AA@ 000000018000c904     libvcruntime:undname.obj
 0002:00000908       ??_C@_02FENAOKFI@?$CF?$DN?$AA@ 000000018000c908     libvcruntime:undname.obj
 0002:0000090c       ??_C@_03IKFCCPFF@?$DO?$DO?$DN?$AA@ 000000018000c90c     libvcruntime:undname.obj
 0002:00000910       ??_C@_03CDNPDDLA@?$DM?$DM?$DN?$AA@ 000000018000c910     libvcruntime:undname.obj
 0002:00000914       ??_C@_02FGJGFEAB@?$CG?$DN?$AA@ 000000018000c914     libvcruntime:undname.obj
 0002:00000918       ??_C@_02DHLNPPGH@?$HM?$DN?$AA@ 000000018000c918     libvcruntime:undname.obj
 0002:0000091c       ??_C@_02MHEGNOJ@?$FO?$DN?$AA@ 000000018000c91c     libvcruntime:undname.obj
 0002:00000920       ??_C@_09IFPLHPGF@?$GAvftable?8?$AA@ 000000018000c920     libvcruntime:undname.obj
 0002:00000930       ??_C@_09BLBHBJP@?$GAvbtable?8?$AA@ 000000018000c930     libvcruntime:undname.obj
 0002:00000940       ??_C@_07FEEIOKP@?$GAvcall?8?$AA@ 000000018000c940     libvcruntime:undname.obj
 0002:00000948       ??_C@_08LLFFHHDJ@?$GAtypeof?8?$AA@ 000000018000c948     libvcruntime:undname.obj
 0002:00000958       ??_C@_0BF@KDPPACIK@?$GAlocal?5static?5guard?8?$AA@ 000000018000c958     libvcruntime:undname.obj
 0002:00000970       ??_C@_08OBABFOLI@?$GAstring?8?$AA@ 000000018000c970     libvcruntime:undname.obj
 0002:00000980       ??_C@_0BD@JDLKDPAB@?$GAvbase?5destructor?8?$AA@ 000000018000c980     libvcruntime:undname.obj
 0002:00000998       ??_C@_0BN@DEGPLNFK@?$GAvector?5deleting?5destructor?8?$AA@ 000000018000c998     libvcruntime:undname.obj
 0002:000009b8       ??_C@_0BO@OBMKPJIG@?$GAdefault?5constructor?5closure?8?$AA@ 000000018000c9b8     libvcruntime:undname.obj
 0002:000009d8       ??_C@_0BN@IMDCHIKM@?$GAscalar?5deleting?5destructor?8?$AA@ 000000018000c9d8     libvcruntime:undname.obj
 0002:000009f8       ??_C@_0BO@PFGOCPJJ@?$GAvector?5constructor?5iterator?8?$AA@ 000000018000c9f8     libvcruntime:undname.obj
 0002:00000a18       ??_C@_0BN@LFPFMEDL@?$GAvector?5destructor?5iterator?8?$AA@ 000000018000ca18     libvcruntime:undname.obj
 0002:00000a38       ??_C@_0CE@IKBNEHA@?$GAvector?5vbase?5constructor?5iterat@ 000000018000ca38     libvcruntime:undname.obj
 0002:00000a60       ??_C@_0BL@NILFHHPC@?$GAvirtual?5displacement?5map?8?$AA@ 000000018000ca60     libvcruntime:undname.obj
 0002:00000a80       ??_C@_0CB@JONCMFFK@?$GAeh?5vector?5constructor?5iterator?8@ 000000018000ca80     libvcruntime:undname.obj
 0002:00000aa8       ??_C@_0CA@GCEOPDGL@?$GAeh?5vector?5destructor?5iterator?8?$AA@ 000000018000caa8     libvcruntime:undname.obj
 0002:00000ac8       ??_C@_0CH@OOJPLCPH@?$GAeh?5vector?5vbase?5constructor?5ite@ 000000018000cac8     libvcruntime:undname.obj
 0002:00000af0       ??_C@_0BL@LLKPOHJI@?$GAcopy?5constructor?5closure?8?$AA@ 000000018000caf0     libvcruntime:undname.obj
 0002:00000b10       ??_C@_0BA@KBCDOMBN@?$GAudt?5returning?8?$AA@ 000000018000cb10     libvcruntime:undname.obj
 0002:00000b20       ??_C@_03KLGMFNMG@?$GAEH?$AA@ 000000018000cb20     libvcruntime:undname.obj
 0002:00000b24       ??_C@_05KHLCHHI@?$GARTTI?$AA@ 000000018000cb24     libvcruntime:undname.obj
 0002:00000b30       ??_C@_0BA@KKLDJDLB@?$GAlocal?5vftable?8?$AA@ 000000018000cb30     libvcruntime:undname.obj
 0002:00000b40       ??_C@_0CE@IIHCMGGL@?$GAlocal?5vftable?5constructor?5closu@ 000000018000cb40     libvcruntime:undname.obj
 0002:00000b64       ??_C@_06FHBGPFGH@?5new?$FL?$FN?$AA@ 000000018000cb64     libvcruntime:undname.obj
 0002:00000b70       ??_C@_09LBNFPBCA@?5delete?$FL?$FN?$AA@ 000000018000cb70     libvcruntime:undname.obj
 0002:00000b80       ??_C@_0P@HJKNJFNN@?$GAomni?5callsig?8?$AA@ 000000018000cb80     libvcruntime:undname.obj
 0002:00000b90       ??_C@_0BL@CNOONJFP@?$GAplacement?5delete?5closure?8?$AA@ 000000018000cb90     libvcruntime:undname.obj
 0002:00000bb0       ??_C@_0BN@CKNJLHMB@?$GAplacement?5delete?$FL?$FN?5closure?8?$AA@ 000000018000cbb0     libvcruntime:undname.obj
 0002:00000bd0       ??_C@_0CG@CFDHKGGD@?$GAmanaged?5vector?5constructor?5iter@ 000000018000cbd0     libvcruntime:undname.obj
 0002:00000bf8       ??_C@_0CF@IMGKMJNO@?$GAmanaged?5vector?5destructor?5itera@ 000000018000cbf8     libvcruntime:undname.obj
 0002:00000c20       ??_C@_0CG@HLDDJMAG@?$GAeh?5vector?5copy?5constructor?5iter@ 000000018000cc20     libvcruntime:undname.obj
 0002:00000c48       ??_C@_0CM@FCBBDIGB@?$GAeh?5vector?5vbase?5copy?5constructo@ 000000018000cc48     libvcruntime:undname.obj
 0002:00000c78       ??_C@_0BL@CLIPGLGB@?$GAdynamic?5initializer?5for?5?8?$AA@ 000000018000cc78     libvcruntime:undname.obj
 0002:00000c98       ??_C@_0CB@PDBIFEP@?$GAdynamic?5atexit?5destructor?5for?5?8@ 000000018000cc98     libvcruntime:undname.obj
 0002:00000cc0       ??_C@_0CD@CGAJBKEJ@?$GAvector?5copy?5constructor?5iterato@ 000000018000ccc0     libvcruntime:undname.obj
 0002:00000ce8       ??_C@_0CJ@GJELGAMM@?$GAvector?5vbase?5copy?5constructor?5i@ 000000018000cce8     libvcruntime:undname.obj
 0002:00000d18       ??_C@_0CL@FGIJHLCE@?$GAmanaged?5vector?5copy?5constructor@ 000000018000cd18     libvcruntime:undname.obj
 0002:00000d48       ??_C@_0BM@PMGGMLDN@?$GAlocal?5static?5thread?5guard?8?$AA@ 000000018000cd48     libvcruntime:undname.obj
 0002:00000d68       ??_C@_0N@BDNMDMOL@operator?5?$CC?$CC?5?$AA@ 000000018000cd68     libvcruntime:undname.obj
 0002:00000d78       ??_C@_0BC@DAFEJGAK@?5Type?5Descriptor?8?$AA@ 000000018000cd78     libvcruntime:undname.obj
 0002:00000d90       ??_C@_0BM@LDKODKLH@?5Base?5Class?5Descriptor?5at?5?$CI?$AA@ 000000018000cd90     libvcruntime:undname.obj
 0002:00000db0       ??_C@_0BD@LGICGFMM@?5Base?5Class?5Array?8?$AA@ 000000018000cdb0     libvcruntime:undname.obj
 0002:00000dc8       ??_C@_0BN@MECKDCOJ@?5Class?5Hierarchy?5Descriptor?8?$AA@ 000000018000cdc8     libvcruntime:undname.obj
 0002:00000de8       ??_C@_0BK@CFCOFLF@?5Complete?5Object?5Locator?8?$AA@ 000000018000cde8     libvcruntime:undname.obj
 0002:00000e10       __acrt_exception_action_table 000000018000ce10     libucrt:exception_filter.obj
 0002:00000ed0       __acrt_signal_action_table_count 000000018000ced0     libucrt:exception_filter.obj
 0002:00000ed8       __acrt_signal_action_first_fpe_index 000000018000ced8     libucrt:exception_filter.obj
 0002:00000ee0       __acrt_signal_action_fpe_count 000000018000cee0     libucrt:exception_filter.obj
 0002:00000ee8       ??_C@_1BI@BGOHAHKC@?$AAm?$AAs?$AAc?$AAo?$AAr?$AAe?$AAe?$AA?4?$AAd?$AAl?$AAl?$AA?$AA@ 000000018000cee8     libucrt:exit.obj
 0002:00000f00       ??_C@_0P@MIGLKIOC@CorExitProcess?$AA@ 000000018000cf00     libucrt:exit.obj
 0002:00001170       __lc_time_c                000000018000d170     libucrt:nlsdata.obj
 0002:00001430       ??_C@_03KOEHGMDN@Sun?$AA@  000000018000d430     libucrt:nlsdata.obj
 0002:00001434       ??_C@_03PDAGKDH@Mon?$AA@   000000018000d434     libucrt:nlsdata.obj
 0002:00001438       ??_C@_03NAGEINEP@Tue?$AA@  000000018000d438     libucrt:nlsdata.obj
 0002:0000143c       ??_C@_03MHOMLAJA@Wed?$AA@  000000018000d43c     libucrt:nlsdata.obj
 0002:00001440       ??_C@_03IOFIKPDN@Thu?$AA@  000000018000d440     libucrt:nlsdata.obj
 0002:00001444       ??_C@_03IDIOELNC@Fri?$AA@  000000018000d444     libucrt:nlsdata.obj
 0002:00001448       ??_C@_03FEFJNEK@Sat?$AA@   000000018000d448     libucrt:nlsdata.obj
 0002:0000144c       ??_C@_06OOPIFAJ@Sunday?$AA@ 000000018000d44c     libucrt:nlsdata.obj
 0002:00001454       ??_C@_06JLEDEDGH@Monday?$AA@ 000000018000d454     libucrt:nlsdata.obj
 0002:00001460       ??_C@_07BAAGCFCM@Tuesday?$AA@ 000000018000d460     libucrt:nlsdata.obj
 0002:00001468       ??_C@_09DLIGFAKA@Wednesday?$AA@ 000000018000d468     libucrt:nlsdata.obj
 0002:00001478       ??_C@_08HACCIKIA@Thursday?$AA@ 000000018000d478     libucrt:nlsdata.obj
 0002:00001484       ??_C@_06JECMNKMI@Friday?$AA@ 000000018000d484     libucrt:nlsdata.obj
 0002:00001490       ??_C@_08INBOOONO@Saturday?$AA@ 000000018000d490     libucrt:nlsdata.obj
 0002:0000149c       ??_C@_03JIHJHPIE@Jan?$AA@  000000018000d49c     libucrt:nlsdata.obj
 0002:000014a0       ??_C@_03HJBDCHOM@Feb?$AA@  000000018000d4a0     libucrt:nlsdata.obj
 0002:000014a4       ??_C@_03ODNJBKGA@Mar?$AA@  000000018000d4a4     libucrt:nlsdata.obj
 0002:000014a8       ??_C@_03LEOLGMJP@Apr?$AA@  000000018000d4a8     libucrt:nlsdata.obj
 0002:000014ac       ??_C@_03CNMDKL@May?$AA@    000000018000d4ac     libucrt:nlsdata.obj
 0002:000014b0       ??_C@_03IDFGHECI@Jun?$AA@  000000018000d4b0     libucrt:nlsdata.obj
 0002:000014b4       ??_C@_03LBGABGKK@Jul?$AA@  000000018000d4b4     libucrt:nlsdata.obj
 0002:000014b8       ??_C@_03IFJFEIGA@Aug?$AA@  000000018000d4b8     libucrt:nlsdata.obj
 0002:000014bc       ??_C@_03GGCAPAJC@Sep?$AA@  000000018000d4bc     libucrt:nlsdata.obj
 0002:000014c0       ??_C@_03BMAOKBAD@Oct?$AA@  000000018000d4c0     libucrt:nlsdata.obj
 0002:000014c4       ??_C@_03JPJOFNIA@Nov?$AA@  000000018000d4c4     libucrt:nlsdata.obj
 0002:000014c8       ??_C@_03MKABNOCG@Dec?$AA@  000000018000d4c8     libucrt:nlsdata.obj
 0002:000014d0       ??_C@_07CGJPFGJA@January?$AA@ 000000018000d4d0     libucrt:nlsdata.obj
 0002:000014d8       ??_C@_08GNJGEPFN@February?$AA@ 000000018000d4d8     libucrt:nlsdata.obj
 0002:000014e4       ??_C@_05HPCKOFNC@March?$AA@ 000000018000d4e4     libucrt:nlsdata.obj
 0002:000014ec       ??_C@_05DMJDNLEJ@April?$AA@ 000000018000d4ec     libucrt:nlsdata.obj
 0002:000014f4       ??_C@_04CNLMGBGM@June?$AA@ 000000018000d4f4     libucrt:nlsdata.obj
 0002:000014fc       ??_C@_04MIEPOIFP@July?$AA@ 000000018000d4fc     libucrt:nlsdata.obj
 0002:00001504       ??_C@_06LBBHFDDG@August?$AA@ 000000018000d504     libucrt:nlsdata.obj
 0002:00001510       ??_C@_09BHHEALKD@September?$AA@ 000000018000d510     libucrt:nlsdata.obj
 0002:00001520       ??_C@_07JJNFCEND@October?$AA@ 000000018000d520     libucrt:nlsdata.obj
 0002:00001528       ??_C@_08HCHEGEOA@November?$AA@ 000000018000d528     libucrt:nlsdata.obj
 0002:00001538       ??_C@_08EDHMEBNP@December?$AA@ 000000018000d538     libucrt:nlsdata.obj
 0002:00001544       ??_C@_02DEDBPAFC@AM?$AA@   000000018000d544     libucrt:nlsdata.obj
 0002:00001548       ??_C@_02CJNFDJBF@PM?$AA@   000000018000d548     libucrt:nlsdata.obj
 0002:00001550       ??_C@_08BPBNCDIB@MM?1dd?1yy?$AA@ 000000018000d550     libucrt:nlsdata.obj
 0002:00001560       ??_C@_0BE@CKGJFCPC@dddd?0?5MMMM?5dd?0?5yyyy?$AA@ 000000018000d560     libucrt:nlsdata.obj
 0002:00001578       ??_C@_08JCCMCCIL@HH?3mm?3ss?$AA@ 000000018000d578     libucrt:nlsdata.obj
 0002:00001588       ??_C@_17MBGCMIPB@?$AAS?$AAu?$AAn?$AA?$AA@ 000000018000d588     libucrt:nlsdata.obj
 0002:00001590       ??_C@_17KBOMKBF@?$AAM?$AAo?$AAn?$AA?$AA@ 000000018000d590     libucrt:nlsdata.obj
 0002:00001598       ??_C@_17BMKGEGOJ@?$AAT?$AAu?$AAe?$AA?$AA@ 000000018000d598     libucrt:nlsdata.obj
 0002:000015a0       ??_C@_17CJEDCEPE@?$AAW?$AAe?$AAd?$AA?$AA@ 000000018000d5a0     libucrt:nlsdata.obj
 0002:000015a8       ??_C@_17PDPHAADD@?$AAT?$AAh?$AAu?$AA?$AA@ 000000018000d5a8     libucrt:nlsdata.obj
 0002:000015b0       ??_C@_17HFOLPPLP@?$AAF?$AAr?$AAi?$AA?$AA@ 000000018000d5b0     libucrt:nlsdata.obj
 0002:000015b8       ??_C@_17GGIBDPIH@?$AAS?$AAa?$AAt?$AA?$AA@ 000000018000d5b8     libucrt:nlsdata.obj
 0002:000015c0       ??_C@_1O@IHNHDHPB@?$AAS?$AAu?$AAn?$AAd?$AAa?$AAy?$AA?$AA@ 000000018000d5c0     libucrt:nlsdata.obj
 0002:000015d0       ??_C@_1O@MMNBFLIA@?$AAM?$AAo?$AAn?$AAd?$AAa?$AAy?$AA?$AA@ 000000018000d5d0     libucrt:nlsdata.obj
 0002:000015e0       ??_C@_1BA@ENFBFFEK@?$AAT?$AAu?$AAe?$AAs?$AAd?$AAa?$AAy?$AA?$AA@ 000000018000d5e0     libucrt:nlsdata.obj
 0002:000015f0       ??_C@_1BE@EBOGMDOH@?$AAW?$AAe?$AAd?$AAn?$AAe?$AAs?$AAd?$AAa?$AAy?$AA?$AA@ 000000018000d5f0     libucrt:nlsdata.obj
 0002:00001608       ??_C@_1BC@HHMNLIHE@?$AAT?$AAh?$AAu?$AAr?$AAs?$AAd?$AAa?$AAy?$AA?$AA@ 000000018000d608     libucrt:nlsdata.obj
 0002:00001620       ??_C@_1O@PDICJHAG@?$AAF?$AAr?$AAi?$AAd?$AAa?$AAy?$AA?$AA@ 000000018000d620     libucrt:nlsdata.obj
 0002:00001630       ??_C@_1BC@ENMNNPAJ@?$AAS?$AAa?$AAt?$AAu?$AAr?$AAd?$AAa?$AAy?$AA?$AA@ 000000018000d630     libucrt:nlsdata.obj
 0002:00001648       ??_C@_17DKNBKCHM@?$AAJ?$AAa?$AAn?$AA?$AA@ 000000018000d648     libucrt:nlsdata.obj
 0002:00001650       ??_C@_17LMDJEKJN@?$AAF?$AAe?$AAb?$AA?$AA@ 000000018000d650     libucrt:nlsdata.obj
 0002:00001658       ??_C@_17CKNLEDEC@?$AAM?$AAa?$AAr?$AA?$AA@ 000000018000d658     libucrt:nlsdata.obj
 0002:00001660       ??_C@_17LFPOIHDD@?$AAA?$AAp?$AAr?$AA?$AA@ 000000018000d660     libucrt:nlsdata.obj
 0002:00001668       ??_C@_17PNNKMEED@?$AAM?$AAa?$AAy?$AA?$AA@ 000000018000d668     libucrt:nlsdata.obj
 0002:00001670       ??_C@_17KCJGOCPB@?$AAJ?$AAu?$AAn?$AA?$AA@ 000000018000d670     libucrt:nlsdata.obj
 0002:00001678       ??_C@_17IJPCKHK@?$AAJ?$AAu?$AAl?$AA?$AA@ 000000018000d678     libucrt:nlsdata.obj
 0002:00001680       ??_C@_17ICPELBCN@?$AAA?$AAu?$AAg?$AA?$AA@ 000000018000d680     libucrt:nlsdata.obj
 0002:00001688       ??_C@_17HCHCOKMG@?$AAS?$AAe?$AAp?$AA?$AA@ 000000018000d688     libucrt:nlsdata.obj
 0002:00001690       ??_C@_17FNLKOI@?$AAO?$AAc?$AAt?$AA?$AA@ 000000018000d690     libucrt:nlsdata.obj
 0002:00001698       ??_C@_17BBDMLCIG@?$AAN?$AAo?$AAv?$AA?$AA@ 000000018000d698     libucrt:nlsdata.obj
 0002:000016a0       ??_C@_17EGKACKIF@?$AAD?$AAe?$AAc?$AA?$AA@ 000000018000d6a0     libucrt:nlsdata.obj
 0002:000016a8       ??_C@_1BA@EFMEIEBA@?$AAJ?$AAa?$AAn?$AAu?$AAa?$AAr?$AAy?$AA?$AA@ 000000018000d6a8     libucrt:nlsdata.obj
 0002:000016b8       ??_C@_1BC@JGDDFFAM@?$AAF?$AAe?$AAb?$AAr?$AAu?$AAa?$AAr?$AAy?$AA?$AA@ 000000018000d6b8     libucrt:nlsdata.obj
 0002:000016d0       ??_C@_1M@IKEENEDF@?$AAM?$AAa?$AAr?$AAc?$AAh?$AA?$AA@ 000000018000d6d0     libucrt:nlsdata.obj
 0002:000016e0       ??_C@_1M@GJNLMHFD@?$AAA?$AAp?$AAr?$AAi?$AAl?$AA?$AA@ 000000018000d6e0     libucrt:nlsdata.obj
 0002:000016f0       ??_C@_19EPFLPGAP@?$AAJ?$AAu?$AAn?$AAe?$AA?$AA@ 000000018000d6f0     libucrt:nlsdata.obj
 0002:00001700       ??_C@_19BIFMLPCD@?$AAJ?$AAu?$AAl?$AAy?$AA?$AA@ 000000018000d700     libucrt:nlsdata.obj
 0002:00001710       ??_C@_1O@PAHLKOAC@?$AAA?$AAu?$AAg?$AAu?$AAs?$AAt?$AA?$AA@ 000000018000d710     libucrt:nlsdata.obj
 0002:00001720       ??_C@_1BE@DKAAMBJL@?$AAS?$AAe?$AAp?$AAt?$AAe?$AAm?$AAb?$AAe?$AAr?$AA?$AA@ 000000018000d720     libucrt:nlsdata.obj
 0002:00001738       ??_C@_1BA@EPANDLNG@?$AAO?$AAc?$AAt?$AAo?$AAb?$AAe?$AAr?$AA?$AA@ 000000018000d738     libucrt:nlsdata.obj
 0002:00001748       ??_C@_1BC@BGLIFPF@?$AAN?$AAo?$AAv?$AAe?$AAm?$AAb?$AAe?$AAr?$AA?$AA@ 000000018000d748     libucrt:nlsdata.obj
 0002:00001760       ??_C@_1BC@FEMKIFH@?$AAD?$AAe?$AAc?$AAe?$AAm?$AAb?$AAe?$AAr?$AA?$AA@ 000000018000d760     libucrt:nlsdata.obj
 0002:00001774       ??_C@_15ODEHAHHF@?$AAA?$AAM?$AA?$AA@ 000000018000d774     libucrt:nlsdata.obj
 0002:0000177c       ??_C@_15CLMNNGEL@?$AAP?$AAM?$AA?$AA@ 000000018000d77c     libucrt:nlsdata.obj
 0002:00001788       ??_C@_1BC@IEBCMHCM@?$AAM?$AAM?$AA?1?$AAd?$AAd?$AA?1?$AAy?$AAy?$AA?$AA@ 000000018000d788     libucrt:nlsdata.obj
 0002:000017a0       ??_C@_1CI@KNAKOEBC@?$AAd?$AAd?$AAd?$AAd?$AA?0?$AA?5?$AAM?$AAM?$AAM?$AAM?$AA?5?$AAd?$AAd?$AA?0?$AA?5?$AAy?$AAy?$AAy?$AAy?$AA?$AA@ 000000018000d7a0     libucrt:nlsdata.obj
 0002:000017c8       ??_C@_1BC@GDGBMEMK@?$AAH?$AAH?$AA?3?$AAm?$AAm?$AA?3?$AAs?$AAs?$AA?$AA@ 000000018000d7c8     libucrt:nlsdata.obj
 0002:000017e0       ??_C@_1M@BMHNFIME@?$AAe?$AAn?$AA?9?$AAU?$AAS?$AA?$AA@ 000000018000d7e0     libucrt:nlsdata.obj
 0002:00001890       ??_C@_1EG@CNNIPFIM@?$AAa?$AAp?$AAi?$AA?9?$AAm?$AAs?$AA?9?$AAw?$AAi?$AAn?$AA?9?$AAa?$AAp?$AAp?$AAm?$AAo?$AAd?$AAe?$AAl?$AA?9?$AAr?$AAu?$AAn?$AAt?$AAi?$AAm?$AAe?$AA?9?$AAl?$AA1?$AA?9?$AA1@ 000000018000d890     libucrt:winapi_thunks.obj
 0002:000018e0       ??_C@_1EA@JGEFHKEI@?$AAa?$AAp?$AAi?$AA?9?$AAm?$AAs?$AA?9?$AAw?$AAi?$AAn?$AA?9?$AAc?$AAo?$AAr?$AAe?$AA?9?$AAd?$AAa?$AAt?$AAe?$AAt?$AAi?$AAm?$AAe?$AA?9?$AAl?$AA1?$AA?9?$AA1?$AA?9?$AA1?$AA?$AA@ 000000018000d8e0     libucrt:winapi_thunks.obj
 0002:00001920       ??_C@_1DI@GCIAAENM@?$AAa?$AAp?$AAi?$AA?9?$AAm?$AAs?$AA?9?$AAw?$AAi?$AAn?$AA?9?$AAc?$AAo?$AAr?$AAe?$AA?9?$AAf?$AAi?$AAl?$AAe?$AA?9?$AAl?$AA2?$AA?9?$AA1?$AA?9?$AA1?$AA?$AA@ 000000018000d920     libucrt:winapi_thunks.obj
 0002:00001960       ??_C@_1EI@MPIAOHOC@?$AAa?$AAp?$AAi?$AA?9?$AAm?$AAs?$AA?9?$AAw?$AAi?$AAn?$AA?9?$AAc?$AAo?$AAr?$AAe?$AA?9?$AAl?$AAo?$AAc?$AAa?$AAl?$AAi?$AAz?$AAa?$AAt?$AAi?$AAo?$AAn?$AA?9?$AAl?$AA1?$AA?9@ 000000018000d960     libucrt:winapi_thunks.obj
 0002:000019b0       ??_C@_1FK@FPHCKFIE@?$AAa?$AAp?$AAi?$AA?9?$AAm?$AAs?$AA?9?$AAw?$AAi?$AAn?$AA?9?$AAc?$AAo?$AAr?$AAe?$AA?9?$AAl?$AAo?$AAc?$AAa?$AAl?$AAi?$AAz?$AAa?$AAt?$AAi?$AAo?$AAn?$AA?9?$AAo?$AAb?$AAs@ 000000018000d9b0     libucrt:winapi_thunks.obj
 0002:00001a10       ??_C@_1EM@DILCGIIO@?$AAa?$AAp?$AAi?$AA?9?$AAm?$AAs?$AA?9?$AAw?$AAi?$AAn?$AA?9?$AAc?$AAo?$AAr?$AAe?$AA?9?$AAp?$AAr?$AAo?$AAc?$AAe?$AAs?$AAs?$AAt?$AAh?$AAr?$AAe?$AAa?$AAd?$AAs?$AA?9?$AAl@ 000000018000da10     libucrt:winapi_thunks.obj
 0002:00001a60       ??_C@_1DM@LNCGDDPN@?$AAa?$AAp?$AAi?$AA?9?$AAm?$AAs?$AA?9?$AAw?$AAi?$AAn?$AA?9?$AAc?$AAo?$AAr?$AAe?$AA?9?$AAs?$AAt?$AAr?$AAi?$AAn?$AAg?$AA?9?$AAl?$AA1?$AA?9?$AA1?$AA?9?$AA0?$AA?$AA@ 000000018000da60     libucrt:winapi_thunks.obj
 0002:00001aa0       ??_C@_1DO@FPAPJEMD@?$AAa?$AAp?$AAi?$AA?9?$AAm?$AAs?$AA?9?$AAw?$AAi?$AAn?$AA?9?$AAc?$AAo?$AAr?$AAe?$AA?9?$AAs?$AAy?$AAs?$AAi?$AAn?$AAf?$AAo?$AA?9?$AAl?$AA1?$AA?9?$AA2?$AA?9?$AA1?$AA?$AA@ 000000018000daa0     libucrt:winapi_thunks.obj
 0002:00001ae0       ??_C@_1DK@NDHNAHIO@?$AAa?$AAp?$AAi?$AA?9?$AAm?$AAs?$AA?9?$AAw?$AAi?$AAn?$AA?9?$AAc?$AAo?$AAr?$AAe?$AA?9?$AAw?$AAi?$AAn?$AAr?$AAt?$AA?9?$AAl?$AA1?$AA?9?$AA1?$AA?9?$AA0?$AA?$AA@ 000000018000dae0     libucrt:winapi_thunks.obj
 0002:00001b20       ??_C@_1DM@KGHDGBCM@?$AAa?$AAp?$AAi?$AA?9?$AAm?$AAs?$AA?9?$AAw?$AAi?$AAn?$AA?9?$AAc?$AAo?$AAr?$AAe?$AA?9?$AAx?$AAs?$AAt?$AAa?$AAt?$AAe?$AA?9?$AAl?$AA2?$AA?9?$AA1?$AA?9?$AA0?$AA?$AA@ 000000018000db20     libucrt:winapi_thunks.obj
 0002:00001b60       ??_C@_1EO@IJIOEFOH@?$AAa?$AAp?$AAi?$AA?9?$AAm?$AAs?$AA?9?$AAw?$AAi?$AAn?$AA?9?$AAr?$AAt?$AAc?$AAo?$AAr?$AAe?$AA?9?$AAn?$AAt?$AAu?$AAs?$AAe?$AAr?$AA?9?$AAw?$AAi?$AAn?$AAd?$AAo?$AAw?$AA?9@ 000000018000db60     libucrt:winapi_thunks.obj
 0002:00001bb0       ??_C@_1FG@HHGEKANL@?$AAa?$AAp?$AAi?$AA?9?$AAm?$AAs?$AA?9?$AAw?$AAi?$AAn?$AA?9?$AAs?$AAe?$AAc?$AAu?$AAr?$AAi?$AAt?$AAy?$AA?9?$AAs?$AAy?$AAs?$AAt?$AAe?$AAm?$AAf?$AAu?$AAn?$AAc?$AAt?$AAi@ 000000018000dbb0     libucrt:winapi_thunks.obj
 0002:00001c10       ??_C@_1FG@NCKKOLKO@?$AAe?$AAx?$AAt?$AA?9?$AAm?$AAs?$AA?9?$AAw?$AAi?$AAn?$AA?9?$AAk?$AAe?$AAr?$AAn?$AAe?$AAl?$AA3?$AA2?$AA?9?$AAp?$AAa?$AAc?$AAk?$AAa?$AAg?$AAe?$AA?9?$AAc?$AAu?$AAr?$AAr@ 000000018000dc10     libucrt:winapi_thunks.obj
 0002:00001c70       ??_C@_1EG@DBIOJECG@?$AAe?$AAx?$AAt?$AA?9?$AAm?$AAs?$AA?9?$AAw?$AAi?$AAn?$AA?9?$AAn?$AAt?$AAu?$AAs?$AAe?$AAr?$AA?9?$AAd?$AAi?$AAa?$AAl?$AAo?$AAg?$AAb?$AAo?$AAx?$AA?9?$AAl?$AA1?$AA?9?$AA1@ 000000018000dc70     libucrt:winapi_thunks.obj
 0002:00001cc0       ??_C@_1EO@FIHMJCLF@?$AAe?$AAx?$AAt?$AA?9?$AAm?$AAs?$AA?9?$AAw?$AAi?$AAn?$AA?9?$AAn?$AAt?$AAu?$AAs?$AAe?$AAr?$AA?9?$AAw?$AAi?$AAn?$AAd?$AAo?$AAw?$AAs?$AAt?$AAa?$AAt?$AAi?$AAo?$AAn?$AA?9@ 000000018000dcc0     libucrt:winapi_thunks.obj
 0002:00001d10       ??_C@_1O@BCCLBEOE@?$AAu?$AAs?$AAe?$AAr?$AA3?$AA2?$AA?$AA@ 000000018000dd10     libucrt:winapi_thunks.obj
 0002:00001d48       ??_C@_0BE@JOGNEJCI@GetCurrentPackageId?$AA@ 000000018000dd48     libucrt:winapi_thunks.obj
 0002:00001d70       ??_C@_0O@KKBNKAPF@LCMapStringEx?$AA@ 000000018000dd70     libucrt:winapi_thunks.obj
 0002:00001d88       ??_C@_0BB@HBDEELFH@LocaleNameToLCID?$AA@ 000000018000dd88     libucrt:winapi_thunks.obj
 0002:00001dc0       ??_C@_1M@HPNHIDJI@?$AAj?$AAa?$AA?9?$AAJ?$AAP?$AA?$AA@ 000000018000ddc0     libucrt:mbctype.obj
 0002:00001dd0       ??_C@_1M@BIBDDEMK@?$AAz?$AAh?$AA?9?$AAC?$AAN?$AA?$AA@ 000000018000ddd0     libucrt:mbctype.obj
 0002:00001de0       ??_C@_1M@JLOOOEGK@?$AAk?$AAo?$AA?9?$AAK?$AAR?$AA?$AA@ 000000018000dde0     libucrt:mbctype.obj
 0002:00001df0       ??_C@_1M@CLNBBOPM@?$AAz?$AAh?$AA?9?$AAT?$AAW?$AA?$AA@ 000000018000ddf0     libucrt:mbctype.obj
 0002:00001e00       __newctype                 000000018000de00     libucrt:ctype.obj
 0002:00002100       __newclmap                 000000018000e100     libucrt:ctype.obj
 0002:00002280       __newcumap                 000000018000e280     libucrt:ctype.obj
 0002:00002400       ??_C@_15PJPFLCCM@?$AAu?$AAk?$AA?$AA@ 000000018000e400     libucrt:get_qualified_locale.obj
 0002:00003250       ??_C@_15EMKDOKLE@?$AAa?$AAr?$AA?$AA@ 000000018000f250     libucrt:lcidtoname_downlevel.obj
 0002:00003258       ??_C@_15KNPADPLH@?$AAb?$AAg?$AA?$AA@ 000000018000f258     libucrt:lcidtoname_downlevel.obj
 0002:00003260       ??_C@_15EDMHLDMO@?$AAc?$AAa?$AA?$AA@ 000000018000f260     libucrt:lcidtoname_downlevel.obj
 0002:00003268       ??_C@_1O@BPEAJADD@?$AAz?$AAh?$AA?9?$AAC?$AAH?$AAS?$AA?$AA@ 000000018000f268     libucrt:lcidtoname_downlevel.obj
 0002:00003278       ??_C@_15LJNHCMNK@?$AAc?$AAs?$AA?$AA@ 000000018000f278     libucrt:lcidtoname_downlevel.obj
 0002:00003280       ??_C@_15FOMCIDHG@?$AAd?$AAa?$AA?$AA@ 000000018000f280     libucrt:lcidtoname_downlevel.obj
 0002:00003288       ??_C@_15NBKABECB@?$AAd?$AAe?$AA?$AA@ 000000018000f288     libucrt:lcidtoname_downlevel.obj
 0002:00003290       ??_C@_15GHPEIIAO@?$AAe?$AAl?$AA?$AA@ 000000018000f290     libucrt:lcidtoname_downlevel.obj
 0002:00003298       ??_C@_15MNPNEAIF@?$AAe?$AAn?$AA?$AA@ 000000018000f298     libucrt:lcidtoname_downlevel.obj
 0002:000032a0       ??_C@_15GPIOMPMH@?$AAe?$AAs?$AA?$AA@ 000000018000f2a0     libucrt:lcidtoname_downlevel.obj
 0002:000032a8       ??_C@_15NGLOAKJC@?$AAf?$AAi?$AA?$AA@ 000000018000f2a8     libucrt:lcidtoname_downlevel.obj
 0002:000032b0       ??_C@_15FBKGNKAM@?$AAf?$AAr?$AA?$AA@ 000000018000f2b0     libucrt:lcidtoname_downlevel.obj
 0002:000032b8       ??_C@_15KGGCNEFK@?$AAh?$AAe?$AA?$AA@ 000000018000f2b8     libucrt:lcidtoname_downlevel.obj
 0002:000032c0       ??_C@_15PGHLIDMF@?$AAh?$AAu?$AA?$AA@ 000000018000f2c0     libucrt:lcidtoname_downlevel.obj
 0002:000032c8       ??_C@_15BIEMAPLM@?$AAi?$AAs?$AA?$AA@ 000000018000f2c8     libucrt:lcidtoname_downlevel.obj
 0002:000032d0       ??_C@_15IFJLDHAF@?$AAi?$AAt?$AA?$AA@ 000000018000f2d0     libucrt:lcidtoname_downlevel.obj
 0002:000032d8       ??_C@_15GEMIOCAG@?$AAj?$AAa?$AA?$AA@ 000000018000f2d8     libucrt:lcidtoname_downlevel.obj
 0002:000032e0       ??_C@_15EPELEGJA@?$AAk?$AAo?$AA?$AA@ 000000018000f2e0     libucrt:lcidtoname_downlevel.obj
 0002:000032e8       ??_C@_15NDDHIMN@?$AAn?$AAl?$AA?$AA@ 000000018000f2e8     libucrt:lcidtoname_downlevel.obj
 0002:000032f0       ??_C@_15BPIGNHCD@?$AAn?$AAo?$AA?$AA@ 000000018000f2f0     libucrt:lcidtoname_downlevel.obj
 0002:000032f8       ??_C@_15DEOPBLCG@?$AAp?$AAl?$AA?$AA@ 000000018000f2f8     libucrt:lcidtoname_downlevel.obj
 0002:00003300       ??_C@_15KBECGEFG@?$AAp?$AAt?$AA?$AA@ 000000018000f300     libucrt:lcidtoname_downlevel.obj
 0002:00003308       ??_C@_15GLJCBFMD@?$AAr?$AAo?$AA?$AA@ 000000018000f308     libucrt:lcidtoname_downlevel.obj
 0002:00003310       ??_C@_15FEDGKCDI@?$AAr?$AAu?$AA?$AA@ 000000018000f310     libucrt:lcidtoname_downlevel.obj
 0002:00003318       ??_C@_15GLKMLLHM@?$AAh?$AAr?$AA?$AA@ 000000018000f318     libucrt:lcidtoname_downlevel.obj
 0002:00003320       ??_C@_15CPKMFBDB@?$AAs?$AAk?$AA?$AA@ 000000018000f320     libucrt:lcidtoname_downlevel.obj
 0002:00003328       ??_C@_15BAAIOGMK@?$AAs?$AAq?$AA?$AA@ 000000018000f328     libucrt:lcidtoname_downlevel.obj
 0002:00003330       ??_C@_15INNPNOHD@?$AAs?$AAv?$AA?$AA@ 000000018000f330     libucrt:lcidtoname_downlevel.obj
 0002:00003338       ??_C@_15CABMMOGH@?$AAt?$AAh?$AA?$AA@ 000000018000f338     libucrt:lcidtoname_downlevel.obj
 0002:00003340       ??_C@_15BPLIHJJM@?$AAt?$AAr?$AA?$AA@ 000000018000f340     libucrt:lcidtoname_downlevel.obj
 0002:00003348       ??_C@_15NEOEKKDJ@?$AAu?$AAr?$AA?$AA@ 000000018000f348     libucrt:lcidtoname_downlevel.obj
 0002:00003350       ??_C@_15NFICGAJK@?$AAi?$AAd?$AA?$AA@ 000000018000f350     libucrt:lcidtoname_downlevel.obj
 0002:00003358       ??_C@_15HPJPHDM@?$AAb?$AAe?$AA?$AA@ 000000018000f358     libucrt:lcidtoname_downlevel.obj
 0002:00003360       ??_C@_15LCHLGJII@?$AAs?$AAl?$AA?$AA@ 000000018000f360     libucrt:lcidtoname_downlevel.obj
 0002:00003368       ??_C@_15PCFJPHHO@?$AAe?$AAt?$AA?$AA@ 000000018000f368     libucrt:lcidtoname_downlevel.obj
 0002:00003370       ??_C@_15HPFPGODN@?$AAl?$AAv?$AA?$AA@ 000000018000f370     libucrt:lcidtoname_downlevel.obj
 0002:00003378       ??_C@_15NFFGKGLG@?$AAl?$AAt?$AA?$AA@ 000000018000f378     libucrt:lcidtoname_downlevel.obj
 0002:00003380       ??_C@_15BDAKCCHN@?$AAf?$AAa?$AA?$AA@ 000000018000f380     libucrt:lcidtoname_downlevel.obj
 0002:00003388       ??_C@_15NFGIAIAJ@?$AAv?$AAi?$AA?$AA@ 000000018000f388     libucrt:lcidtoname_downlevel.obj
 0002:00003390       ??_C@_15LMKNDMHN@?$AAh?$AAy?$AA?$AA@ 000000018000f390     libucrt:lcidtoname_downlevel.obj
 0002:00003398       ??_C@_15IJBHMCFL@?$AAa?$AAz?$AA?$AA@ 000000018000f398     libucrt:lcidtoname_downlevel.obj
 0002:000033a0       ??_C@_15EKOFJABL@?$AAe?$AAu?$AA?$AA@ 000000018000f3a0     libucrt:lcidtoname_downlevel.obj
 0002:000033a8       ??_C@_15BGHADCNK@?$AAm?$AAk?$AA?$AA@ 000000018000f3a8     libucrt:lcidtoname_downlevel.obj
 0002:000033b0       ??_C@_15JDNICKHM@?$AAa?$AAf?$AA?$AA@ 000000018000f3b0     libucrt:lcidtoname_downlevel.obj
 0002:000033b8       ??_C@_15KPJEDBKD@?$AAk?$AAa?$AA?$AA@ 000000018000f3b8     libucrt:lcidtoname_downlevel.obj
 0002:000033c0       ??_C@_15PDNFFFEO@?$AAf?$AAo?$AA?$AA@ 000000018000f3c0     libucrt:lcidtoname_downlevel.obj
 0002:000033c8       ??_C@_15OMLEGLOC@?$AAh?$AAi?$AA?$AA@ 000000018000f3c8     libucrt:lcidtoname_downlevel.obj
 0002:000033d0       ??_C@_15IDNNENKK@?$AAm?$AAs?$AA?$AA@ 000000018000f3d0     libucrt:lcidtoname_downlevel.obj
 0002:000033d8       ??_C@_15MACJNBMH@?$AAk?$AAk?$AA?$AA@ 000000018000f3d8     libucrt:lcidtoname_downlevel.obj
 0002:000033e0       ??_C@_15DKDJEOND@?$AAk?$AAy?$AA?$AA@ 000000018000f3e0     libucrt:lcidtoname_downlevel.obj
 0002:000033e8       ??_C@_15DFGDLJBG@?$AAs?$AAw?$AA?$AA@ 000000018000f3e8     libucrt:lcidtoname_downlevel.obj
 0002:000033f0       ??_C@_15BBFAICNG@?$AAu?$AAz?$AA?$AA@ 000000018000f3f0     libucrt:lcidtoname_downlevel.obj
 0002:000033f8       ??_C@_15DKNDCGEA@?$AAt?$AAt?$AA?$AA@ 000000018000f3f8     libucrt:lcidtoname_downlevel.obj
 0002:00003400       ??_C@_15MGIFMDPL@?$AAp?$AAa?$AA?$AA@ 000000018000f400     libucrt:lcidtoname_downlevel.obj
 0002:00003408       ??_C@_15HCNDBBA@?$AAg?$AAu?$AA?$AA@ 000000018000f408     libucrt:lcidtoname_downlevel.obj
 0002:00003410       ??_C@_15FNBEIBON@?$AAt?$AAa?$AA?$AA@ 000000018000f410     libucrt:lcidtoname_downlevel.obj
 0002:00003418       ??_C@_15NCHGBGLK@?$AAt?$AAe?$AA?$AA@ 000000018000f418     libucrt:lcidtoname_downlevel.obj
 0002:00003420       ??_C@_15PHPHCBPF@?$AAk?$AAn?$AA?$AA@ 000000018000f420     libucrt:lcidtoname_downlevel.obj
 0002:00003428       ??_C@_15DLGBCKMP@?$AAm?$AAr?$AA?$AA@ 000000018000f428     libucrt:lcidtoname_downlevel.obj
 0002:00003430       ??_C@_15EABBLBFF@?$AAs?$AAa?$AA?$AA@ 000000018000f430     libucrt:lcidtoname_downlevel.obj
 0002:00003438       ??_C@_15CBKOMCOI@?$AAm?$AAn?$AA?$AA@ 000000018000f438     libucrt:lcidtoname_downlevel.obj
 0002:00003440       ??_C@_15CKDMCJAF@?$AAg?$AAl?$AA?$AA@ 000000018000f440     libucrt:lcidtoname_downlevel.obj
 0002:00003448       ??_C@_17CNJFBPG@?$AAk?$AAo?$AAk?$AA?$AA@ 000000018000f448     libucrt:lcidtoname_downlevel.obj
 0002:00003450       ??_C@_17FFBJICPL@?$AAs?$AAy?$AAr?$AA?$AA@ 000000018000f450     libucrt:lcidtoname_downlevel.obj
 0002:00003458       ??_C@_17KPNDCPAF@?$AAd?$AAi?$AAv?$AA?$AA@ 000000018000f458     libucrt:lcidtoname_downlevel.obj
 0002:00003460       ??_C@_11LOCGONAA@?$AA?$AA@ 000000018000f460     libucrt:lcidtoname_downlevel.obj
 0002:00003468       ??_C@_1M@OKAHONE@?$AAa?$AAr?$AA?9?$AAS?$AAA?$AA?$AA@ 000000018000f468     libucrt:lcidtoname_downlevel.obj
 0002:00003478       ??_C@_1M@FFFIGIGK@?$AAb?$AAg?$AA?9?$AAB?$AAG?$AA?$AA@ 000000018000f478     libucrt:lcidtoname_downlevel.obj
 0002:00003488       ??_C@_1M@BJNKEDC@?$AAc?$AAa?$AA?9?$AAE?$AAS?$AA?$AA@ 000000018000f488     libucrt:lcidtoname_downlevel.obj
 0002:00003498       ??_C@_1M@IJJHFJHA@?$AAc?$AAs?$AA?9?$AAC?$AAZ?$AA?$AA@ 000000018000f498     libucrt:lcidtoname_downlevel.obj
 0002:000034a8       ??_C@_1M@CLPEOBGI@?$AAd?$AAa?$AA?9?$AAD?$AAK?$AA?$AA@ 000000018000f4a8     libucrt:lcidtoname_downlevel.obj
 0002:000034b8       ??_C@_1M@MCMADGCB@?$AAd?$AAe?$AA?9?$AAD?$AAE?$AA?$AA@ 000000018000f4b8     libucrt:lcidtoname_downlevel.obj
 0002:000034c8       ??_C@_1M@OOCKEMAM@?$AAe?$AAl?$AA?9?$AAG?$AAR?$AA?$AA@ 000000018000f4c8     libucrt:lcidtoname_downlevel.obj
 0002:000034d8       ??_C@_1M@DDNJFGID@?$AAf?$AAi?$AA?9?$AAF?$AAI?$AA?$AA@ 000000018000f4d8     libucrt:lcidtoname_downlevel.obj
 0002:000034e8       ??_C@_1M@GLIPPMAC@?$AAf?$AAr?$AA?9?$AAF?$AAR?$AA?$AA@ 000000018000f4e8     libucrt:lcidtoname_downlevel.obj
 0002:000034f8       ??_C@_1M@GFMCHPE@?$AAh?$AAe?$AA?9?$AAI?$AAL?$AA?$AA@ 000000018000f4f8     libucrt:lcidtoname_downlevel.obj
 0002:00003508       ??_C@_1M@MHLPGNKM@?$AAh?$AAu?$AA?9?$AAH?$AAU?$AA?$AA@ 000000018000f508     libucrt:lcidtoname_downlevel.obj
 0002:00003518       ??_C@_1M@LPDDNNPN@?$AAi?$AAs?$AA?9?$AAI?$AAS?$AA?$AA@ 000000018000f518     libucrt:lcidtoname_downlevel.obj
 0002:00003528       ??_C@_1M@MADIPODN@?$AAi?$AAt?$AA?9?$AAI?$AAT?$AA?$AA@ 000000018000f528     libucrt:lcidtoname_downlevel.obj
 0002:00003538       ??_C@_1M@IHBJJGG@?$AAn?$AAl?$AA?9?$AAN?$AAL?$AA?$AA@ 000000018000f538     libucrt:lcidtoname_downlevel.obj
 0002:00003548       ??_C@_1M@EANAGDL@?$AAn?$AAb?$AA?9?$AAN?$AAO?$AA?$AA@ 000000018000f548     libucrt:lcidtoname_downlevel.obj
 0002:00003558       ??_C@_1M@NEIEMEGP@?$AAp?$AAl?$AA?9?$AAP?$AAL?$AA?$AA@ 000000018000f558     libucrt:lcidtoname_downlevel.obj
 0002:00003568       ??_C@_1M@BOCFIGEP@?$AAp?$AAt?$AA?9?$AAB?$AAR?$AA?$AA@ 000000018000f568     libucrt:lcidtoname_downlevel.obj
 0002:00003578       ??_C@_1M@IMPFOPBG@?$AAr?$AAo?$AA?9?$AAR?$AAO?$AA?$AA@ 000000018000f578     libucrt:lcidtoname_downlevel.obj
 0002:00003588       ??_C@_1M@IDNNEJMM@?$AAr?$AAu?$AA?9?$AAR?$AAU?$AA?$AA@ 000000018000f588     libucrt:lcidtoname_downlevel.obj
 0002:00003598       ??_C@_1M@LILEEOGM@?$AAh?$AAr?$AA?9?$AAH?$AAR?$AA?$AA@ 000000018000f598     libucrt:lcidtoname_downlevel.obj
 0002:000035a8       ??_C@_1M@FKIFEHPB@?$AAs?$AAk?$AA?9?$AAS?$AAK?$AA?$AA@ 000000018000f5a8     libucrt:lcidtoname_downlevel.obj
 0002:000035b8       ??_C@_1M@LJMAMNPJ@?$AAs?$AAq?$AA?9?$AAA?$AAL?$AA?$AA@ 000000018000f5b8     libucrt:lcidtoname_downlevel.obj
 0002:000035c8       ??_C@_1M@GIAKDKJK@?$AAs?$AAv?$AA?9?$AAS?$AAE?$AA?$AA@ 000000018000f5c8     libucrt:lcidtoname_downlevel.obj
 0002:000035d8       ??_C@_1M@MKJKIKCL@?$AAt?$AAh?$AA?9?$AAT?$AAH?$AA?$AA@ 000000018000f5d8     libucrt:lcidtoname_downlevel.obj
 0002:000035e8       ??_C@_1M@MFLCCMPB@?$AAt?$AAr?$AA?9?$AAT?$AAR?$AA?$AA@ 000000018000f5e8     libucrt:lcidtoname_downlevel.obj
 0002:000035f8       ??_C@_1M@OIJHDKJN@?$AAu?$AAr?$AA?9?$AAP?$AAK?$AA?$AA@ 000000018000f5f8     libucrt:lcidtoname_downlevel.obj
[...]
 0004:000006e4       $pdata$??$?RV<lambda_99476a1ad63dd22509b5d3e65b0ffc95>@@AEAV<lambda_ad1ced32f4ac17aa236e5ef05d6b3b7c>@@V<lambda_f7424dd8d45958661754dc4f2697e9c3>@@@?$__crt_seh_guarded_call@X@@QEAAX$$QEAV<lambda_99476a1ad63dd22509b5d3e65b0ffc95>@@AEAV<lambda_ad1ced32f4ac17aa236e5ef05d6b3b7c>@@$$QEAV<lambda_f7424dd8d45958661754dc4f2697e9c3>@@@Z 00000001800176e4     libucrt:mbctype.obj
 0004:000006f0       $pdata$??R<lambda_ad1ced32f4ac17aa236e5ef05d6b3b7c>@@QEBAXXZ 00000001800176f0     libucrt:mbctype.obj
 0004:000006fc       $pdata$?getSystemCP@@YAHH@Z 00000001800176fc     libucrt:mbctype.obj
 0004:00000708       $pdata$?setSBCS@@YAXPEAU__crt_multibyte_data@@@Z 0000000180017708     libucrt:mbctype.obj
 0004:00000714       $pdata$?setSBUpLow@@YAXPEAU__crt_multibyte_data@@@Z 0000000180017714     libucrt:mbctype.obj
 0004:00000720       $pdata$?setmbcp_internal@@YAHH_N@Z 0000000180017720     libucrt:mbctype.obj
 0004:0000072c       $pdata$__acrt_initialize_multibyte 000000018001772c     libucrt:mbctype.obj
 0004:00000738       $pdata$__acrt_update_thread_multibyte_data 0000000180017738     libucrt:mbctype.obj
 0004:00000744       $pdata$_setmbcp_nolock     0000000180017744     libucrt:mbctype.obj
 0004:00000750       $pdata$?x_ismbbtype_l@@YAHPEAU__crt_locale_pointers@@IHH@Z 0000000180017750     libucrt:ismbbyte.obj
 0004:0000075c       $pdata$__acrt_initialize_command_line 000000018001775c     libucrt:argv_data.obj
 0004:00000768       $pdata$__dcrt_get_narrow_environment_from_os 0000000180017768     libucrt:get_environment_from_os.obj
 0004:00000774       $pdata$_recalloc_base      0000000180017774     libucrt:recalloc.obj
 0004:00000780       $pdata$__acrt_initialize_heap 0000000180017780     libucrt:heap_handle.obj
 0004:0000078c       $pdata$?initialize_inherited_file_handles_nolock@@YAXXZ 000000018001778c     libucrt:ioinit.obj
 0004:00000798       $pdata$?initialize_stdio_handles_nolock@@YAXXZ 0000000180017798     libucrt:ioinit.obj
 0004:000007a4       $pdata$__acrt_initialize_lowio 00000001800177a4     libucrt:ioinit.obj
 0004:000007b0       $pdata$__acrt_uninitialize_lowio 00000001800177b0     libucrt:ioinit.obj
 0004:000007bc       $pdata$__acrt_execute_initializers 00000001800177bc     libucrt:shared_initialization.obj
 0004:000007c8       $pdata$__acrt_execute_uninitializers 00000001800177c8     libucrt:shared_initialization.obj
 0004:000007d4       $pdata$_callnewh           00000001800177d4     libucrt:new_handler.obj
 0004:000007e0       $pdata$_query_new_handler  00000001800177e0     libucrt:new_handler.obj
 0004:000007ec       $pdata$??$?RV<lambda_c36588078e9f5dfd39652860aa6b3aaf>@@AEAV<lambda_ec61778202f4f5fc7e7711acc23c3bca>@@V<lambda_dc9d2797ccde5d239b4a0efae8ebd7db>@@@?$__crt_seh_guarded_call@P6AXH@Z@@QEAAP6AXH@Z$$QEAV<lambda_c36588078e9f5dfd39652860aa6b3aaf>@@AEAV<lambda_ec61778202f4f5fc7e7711acc23c3bca>@@$$QEAV<lambda_dc9d2797ccde5d239b4a0efae8ebd7db>@@@Z 00000001800177ec     libucrt:signal.obj
 0004:000007f8       $pdata$__acrt_get_sigabrt_handler 00000001800177f8     libucrt:signal.obj
 0004:00000804       $pdata$raise               0000000180017804     libucrt:signal.obj
 0004:00000810       $pdata$__acrt_invoke_user_matherr 0000000180017810     libucrt:matherr.obj
 0004:0000081c       $pdata$_mbtowc_l           000000018001781c     libucrt:mbtowc.obj
 0004:00000828       $pdata$_fileno             0000000180017828     libucrt:fileno.obj
 0004:00000834       $pdata$__acrt_initialize_stdio 0000000180017834     libucrt:_file.obj
 0004:00000840       $pdata$__acrt_uninitialize_stdio 0000000180017840     libucrt:_file.obj
 0004:0000084c       $pdata$__pctype_func       000000018001784c     libucrt:ctype.obj
 0004:00000858       $pdata$_isctype_l          0000000180017858     libucrt:isctype.obj
 0004:00000864       $pdata$_isleadbyte_l       0000000180017864     libucrt:_wctype.obj
 0004:00000870       $pdata$?__acrt_LCMapStringA_stat@@YAHPEAU__crt_locale_pointers@@PEB_WKPEBDHPEADHHH@Z 0000000180017870     libucrt:lcmapstringa.obj
 0004:0000087c       $pdata$__acrt_LCMapStringA 000000018001787c     libucrt:lcmapstringa.obj
 0004:00000888       $pdata$__acrt_free_locale  0000000180017888     libucrt:locale_refcounting.obj
 0004:00000894       $pdata$__acrt_locale_free_lc_time_if_unreferenced 0000000180017894     libucrt:locale_refcounting.obj
 0004:000008a0       $pdata$__acrt_release_locale_ref 00000001800178a0     libucrt:locale_refcounting.obj
 0004:000008ac       $pdata$__acrt_update_thread_locale_data 00000001800178ac     libucrt:locale_refcounting.obj
 0004:000008b8       $pdata$_updatetlocinfoEx_nolock 00000001800178b8     libucrt:locale_refcounting.obj
 0004:000008c4       $pdata$__acrt_locale_free_monetary 00000001800178c4     libucrt:initmon.obj
 0004:000008d0       $pdata$__acrt_locale_free_numeric 00000001800178d0     libucrt:initnum.obj
 0004:000008dc       $pdata$?free_crt_array_internal@@YAXQEAPEBX_K@Z 00000001800178dc     libucrt:inittime.obj
 0004:000008e8       $pdata$__acrt_locale_free_time 00000001800178e8     libucrt:inittime.obj
 0004:000008f4       $pdata$__acrt_GetStringTypeA 00000001800178f4     libucrt:getstringtypea.obj
 0004:00000900       $pdata$?GetTableIndexFromLocaleName@@YAHPEB_W@Z 0000000180017900     libucrt:lcidtoname_downlevel.obj
 0004:0000090c       $pdata$__acrt_DownlevelLocaleNameToLCID 000000018001790c     libucrt:lcidtoname_downlevel.obj
 0004:00000918       $pdata$?shortsort@@YAXPEAD0_KP6AHPEBX2@Z@Z 0000000180017918     libucrt:qsort.obj
 0004:00000924       $pdata$2$?shortsort@@YAXPEAD0_KP6AHPEBX2@Z@Z 0000000180017924     libucrt:qsort.obj
 0004:00000930       $pdata$3$?shortsort@@YAXPEAD0_KP6AHPEBX2@Z@Z 0000000180017930     libucrt:qsort.obj
 0004:0000093c       $pdata$qsort               000000018001793c     libucrt:qsort.obj
 0004:00000948       $pdata$4$qsort             0000000180017948     libucrt:qsort.obj
 0004:00000954       $pdata$5$qsort             0000000180017954     libucrt:qsort.obj
 0004:00000960       $pdata$strncpy_s           0000000180017960     libucrt:strncpy_s.obj
 0004:0000096c       $pdata$strpbrk             000000018001796c     libucrt:strpbrk.obj
 0004:00000978       $pdata$_mbsdec_l           0000000180017978     libucrt:mbsdec.obj
 0004:00000984       $pdata$?initialize_multibyte@@YAHXZ 0000000180017984     libucrt:multibyte_initializer.obj
 0004:00000990       $pdata$_msize              0000000180017990     libucrt:msize.obj
 0004:0000099c       $pdata$_realloc_base       000000018001799c     libucrt:realloc_base.obj
 0004:000009a8       $pdata$__acrt_lowio_create_handle_array 00000001800179a8     libucrt:osfinfo.obj
 0004:000009b4       $pdata$__acrt_lowio_destroy_handle_array 00000001800179b4     libucrt:osfinfo.obj
 0004:000009c0       $pdata$__acrt_lowio_ensure_fh_exists 00000001800179c0     libucrt:osfinfo.obj
 0004:000009cc       $pdata$_free_osfhnd        00000001800179cc     libucrt:osfinfo.obj
 0004:000009d8       $pdata$_get_osfhandle      00000001800179d8     libucrt:osfinfo.obj
 0004:000009e4       $pdata$_isatty             00000001800179e4     libucrt:isatty.obj
 0004:000009f0       $pdata$__acrt_stdio_flush_nolock 00000001800179f0     libucrt:fflush.obj
 0004:000009fc       $pdata$_fflush_nolock      00000001800179fc     libucrt:fflush.obj
 0004:00000a08       $pdata$common_flush_all    0000000180017a08     libucrt:fflush.obj
 0004:00000a14       $pdata$_fcloseall          0000000180017a14     libucrt:closeall.obj
 0004:00000a20       $pdata$__acrt_stdio_free_buffer_nolock 0000000180017a20     libucrt:_freebuf.obj
 0004:00000a2c       $pdata$??$?RV<lambda_b521505b218e5242e90febf6bfebc422>@@AEAV<lambda_6978c1fb23f02e42e1d9e99668cc68aa>@@V<lambda_314360699dd331753a4119843814e9a7>@@@?$__crt_seh_guarded_call@H@@QEAAH$$QEAV<lambda_b521505b218e5242e90febf6bfebc422>@@AEAV<lambda_6978c1fb23f02e42e1d9e99668cc68aa>@@$$QEAV<lambda_314360699dd331753a4119843814e9a7>@@@Z 0000000180017a2c     libucrt:commit.obj
 0004:00000a38       $pdata$_commit             0000000180017a38     libucrt:commit.obj
 0004:00000a44       $pdata$?write_double_translated_ansi_nolock@@YA?AUwrite_result@?A0x9c548279@@HQEBDI@Z 0000000180017a44     libucrt:write.obj
 0004:00000a50       $pdata$?write_text_ansi_nolock@@YA?AUwrite_result@?A0x9c548279@@HQEBDI@Z 0000000180017a50     libucrt:write.obj
 0004:00000a5c       $pdata$?write_text_utf16le_nolock@@YA?AUwrite_result@?A0x9c548279@@HQEBDI@Z 0000000180017a5c     libucrt:write.obj
 0004:00000a68       $pdata$?write_text_utf8_nolock@@YA?AUwrite_result@?A0x9c548279@@HQEBDI@Z 0000000180017a68     libucrt:write.obj
 0004:00000a74       $pdata$_write              0000000180017a74     libucrt:write.obj
 0004:00000a80       $pdata$_write_nolock       0000000180017a80     libucrt:write.obj
 0004:00000a98       $pdata$??$common_lseek_nolock@_J@@YA_JH_JH@Z 0000000180017a98     libucrt:lseek.obj
 0004:00000aa4       $pdata$_fclose_nolock      0000000180017aa4     libucrt:fclose.obj
 0004:00000ab0       $pdata$fclose              0000000180017ab0     libucrt:fclose.obj
 0004:00000abc       $pdata$_putwch_nolock      0000000180017abc     libucrt:putwch.obj
 0004:00000ac8       $pdata$_call_matherr       0000000180017ac8     libucrt:libm_error.obj
 0004:00000ad4       $pdata$_exception_enabled  0000000180017ad4     libucrt:libm_error.obj
 0004:00000ae0       $pdata$_handle_error       0000000180017ae0     libucrt:libm_error.obj
 0004:00000aec       $pdata$__acrt_initialize_fma3 0000000180017aec     libucrt:fma3_available.obj
 0004:00000af8       $pdata$_log10_special      0000000180017af8     libucrt:log_special.obj
 0004:00000b04       $pdata$_log_special_common 0000000180017b04     libucrt:log_special.obj
 0004:00000b10       $pdata$??$?RV<lambda_bfedae4ebbf01fab1bb6dcc6a9e276e0>@@AEAV<lambda_2fe9b910cf3cbf4a0ab98a02ba45b3ec>@@V<lambda_237c231691f317818eb88cc1d5d642d6>@@@?$__crt_seh_guarded_call@H@@QEAAH$$QEAV<lambda_bfedae4ebbf01fab1bb6dcc6a9e276e0>@@AEAV<lambda_2fe9b910cf3cbf4a0ab98a02ba45b3ec>@@$$QEAV<lambda_237c231691f317818eb88cc1d5d642d6>@@@Z 0000000180017b10     libucrt:close.obj
 0004:00000b1c       $pdata$_close              0000000180017b1c     libucrt:close.obj
 0004:00000b28       $pdata$_close_nolock       0000000180017b28     libucrt:close.obj
 0004:00000b34       $pdata$__dcrt_lowio_initialize_console_output 0000000180017b34     libucrt:initcon.obj
 0004:00000b40       $pdata$__dcrt_terminate_console_output 0000000180017b40     libucrt:initcon.obj
 0004:00000b58       $pdata$_raise_exc          0000000180017b58     libucrt:fpexcept.obj
 0004:00000b64       $pdata$_raise_exc_ex       0000000180017b64     libucrt:fpexcept.obj
 0004:00000b70       $pdata$_set_errno_from_matherr 0000000180017b70     libucrt:fpexcept.obj
 0004:00000b7c       $pdata$_clrfp              0000000180017b7c     libucrt:fpctrl.obj
 0004:00000b88       $pdata$_ctrlfp             0000000180017b88     libucrt:fpctrl.obj
 0004:00000b94       $pdata$_set_statfp         0000000180017b94     libucrt:fpctrl.obj
 0004:00000ba0       $pdata$_statfp             0000000180017ba0     libucrt:fpctrl.obj
 0004:00000bac       $pdata$?DloadAcquireSectionWriteAccess@@YAXXZ 0000000180017bac     DelayImp:delayhlp.obj
 0004:00000bb8       $pdata$?DloadGetSRWLockFunctionPointers@@YAEXZ 0000000180017bb8     DelayImp:delayhlp.obj
 0004:00000bc4       $pdata$?DloadMakePermanentImageCommit@@YAXPEAX_K@Z 0000000180017bc4     DelayImp:delayhlp.obj
 0004:00000bd0       $pdata$?DloadObtainSection@@YAPEAXPEAK0@Z 0000000180017bd0     DelayImp:delayhlp.obj
 0004:00000bdc       $pdata$?DloadProtectSection@@YAXKPEAK@Z 0000000180017bdc     DelayImp:delayhlp.obj
 0004:00000be8       $pdata$?DloadReleaseSectionWriteAccess@@YAXXZ 0000000180017be8     DelayImp:delayhlp.obj
 0004:00000bf4       $pdata$__delayLoadHelper2  0000000180017bf4     DelayImp:delayhlp.obj
 0004:00000c00       $pdata$_IsNonwritableInCurrentImage 0000000180017c00     LIBCMT:pesect.obj
 0004:00000c0c       $pdata$__GSHandlerCheck    0000000180017c0c     LIBCMT:_gshandler_.obj
 0004:00000c18       $pdata$__GSHandlerCheckCommon 0000000180017c18     LIBCMT:_gshandler_.obj
 0004:00000c54       $pdata$?fin$0@?0??dllmain_crt_process_attach@@YAHQEAUHINSTANCE__@@QEAX@Z@4HA 0000000180017c54     LIBCMT:dll_dllmain.obj
 0004:00000c60       $pdata$?fin$0@?0??dllmain_crt_process_detach@@YAH_N@Z@4HA 0000000180017c60     LIBCMT:dll_dllmain.obj
 0004:00000c6c       $pdata$?filt$0@?0??dllmain_dispatch@@YAHQEAUHINSTANCE__@@KQEAX@Z@4HA 0000000180017c6c     LIBCMT:dll_dllmain.obj
 0004:00000c78       $pdata$__scrt_is_nonwritable_in_current_image$filt$0 0000000180017c78     LIBCMT:utility.obj
 0004:00000c84       $pdata$?filt$0@?0??common_exit@@YAXHW4_crt_exit_cleanup_mode@@W4_crt_exit_return_mode@@@Z@4HA 0000000180017c84     libucrt:exit.obj
 0004:00000c90       $pdata$?fin$1@?0??common_exit@@YAXHW4_crt_exit_cleanup_mode@@W4_crt_exit_return_mode@@@Z@4HA 0000000180017c90     libucrt:exit.obj
 0004:00000c9c       $pdata$?fin$0@?0???$?RV<lambda_e24bbb7b643b32fcea6fa61b31d4c984>@@AEAV<lambda_275893d493268fdec8709772e3fcec0e>@@V<lambda_9d71df4d7cf3f480f8d633942495c3b0>@@@?$__crt_seh_guarded_call@H@@QEAAH$$QEAV<lambda_e24bbb7b643b32fcea6fa61b31d4c984>@@AEAV<lambda_275893d493268fdec8709772e3fcec0e>@@$$QEAV<lambda_9d71df4d7cf3f480f8d633942495c3b0>@@@Z@4HA 0000000180017c9c     libucrt:onexit.obj
 0004:00000ca8       $pdata$?fin$0@?0???$?RV<lambda_72d1df2b273a38828b1ce30cbf4cdab5>@@AEAV<lambda_876a65b173b8412d3a47c70a915b0cf4>@@V<lambda_41932305e351933ebe8f8be3ed8bb5dc>@@@?$__crt_seh_guarded_call@X@@QEAAX$$QEAV<lambda_72d1df2b273a38828b1ce30cbf4cdab5>@@AEAV<lambda_876a65b173b8412d3a47c70a915b0cf4>@@$$QEAV<lambda_41932305e351933ebe8f8be3ed8bb5dc>@@@Z@4HA 0000000180017ca8     libucrt:per_thread_data.obj
 0004:00000ca8       $pdata$?fin$0@?0???$?RV<lambda_fb3a7dec4e47f37f22dae91bb15c9095>@@AEAV<lambda_698284760c8add0bfb0756c19673e34b>@@V<lambda_dfb8eca1e75fef3034a8fb18dd509707>@@@?$__crt_seh_guarded_call@X@@QEAAX$$QEAV<lambda_fb3a7dec4e47f37f22dae91bb15c9095>@@AEAV<lambda_698284760c8add0bfb0756c19673e34b>@@$$QEAV<lambda_dfb8eca1e75fef3034a8fb18dd509707>@@@Z@4HA 0000000180017ca8     libucrt:per_thread_data.obj
 0004:00000ca8       $pdata$?fin$0@?0???$?RV<lambda_c36588078e9f5dfd39652860aa6b3aaf>@@AEAV<lambda_ec61778202f4f5fc7e7711acc23c3bca>@@V<lambda_dc9d2797ccde5d239b4a0efae8ebd7db>@@@?$__crt_seh_guarded_call@P6AXH@Z@@QEAAP6AXH@Z$$QEAV<lambda_c36588078e9f5dfd39652860aa6b3aaf>@@AEAV<lambda_ec61778202f4f5fc7e7711acc23c3bca>@@$$QEAV<lambda_dc9d2797ccde5d239b4a0efae8ebd7db>@@@Z@4HA 0000000180017ca8     libucrt:signal.obj
 0004:00000ca8       $pdata$?fin$0@?0???$?RV<lambda_46352004c1216016012b18bd6f87e700>@@AEAV<lambda_3bd07e1a1191394380780325891bf33f>@@V<lambda_334532d3f185bcaa59b5be82d7d22bff>@@@?$__crt_seh_guarded_call@X@@QEAAX$$QEAV<lambda_46352004c1216016012b18bd6f87e700>@@AEAV<lambda_3bd07e1a1191394380780325891bf33f>@@$$QEAV<lambda_334532d3f185bcaa59b5be82d7d22bff>@@@Z@4HA 0000000180017ca8     libucrt:per_thread_data.obj
 0004:00000ca8       $pdata$?fin$0@?0???$?RV<lambda_99476a1ad63dd22509b5d3e65b0ffc95>@@AEAV<lambda_ad1ced32f4ac17aa236e5ef05d6b3b7c>@@V<lambda_f7424dd8d45958661754dc4f2697e9c3>@@@?$__crt_seh_guarded_call@X@@QEAAX$$QEAV<lambda_99476a1ad63dd22509b5d3e65b0ffc95>@@AEAV<lambda_ad1ced32f4ac17aa236e5ef05d6b3b7c>@@$$QEAV<lambda_f7424dd8d45958661754dc4f2697e9c3>@@@Z@4HA 0000000180017ca8     libucrt:mbctype.obj
 0004:00000ca8       $pdata$?fin$0@?0???$?RV<lambda_5e887d1dcbef67a5eb4283622ba103bf>@@AEAV<lambda_4466841279450cc726390878d4a41900>@@V<lambda_341c25c0346d94847f1f3c463c57e077>@@@?$__crt_seh_guarded_call@X@@QEAAX$$QEAV<lambda_5e887d1dcbef67a5eb4283622ba103bf>@@AEAV<lambda_4466841279450cc726390878d4a41900>@@$$QEAV<lambda_341c25c0346d94847f1f3c463c57e077>@@@Z@4HA 0000000180017ca8     libucrt:per_thread_data.obj
 0004:00000ca8       $pdata$?fin$0@?0???$?RV<lambda_b8c45f8f788dd370798f47cfe8ac3a86>@@AEAV<lambda_4e60a939b0d047cfe11ddc22648dfba9>@@V<lambda_332c3edc96d0294ec56c57d38c1cdfd5>@@@?$__crt_seh_guarded_call@H@@QEAAH$$QEAV<lambda_b8c45f8f788dd370798f47cfe8ac3a86>@@AEAV<lambda_4e60a939b0d047cfe11ddc22648dfba9>@@$$QEAV<lambda_332c3edc96d0294ec56c57d38c1cdfd5>@@@Z@4HA 0000000180017ca8     libucrt:onexit.obj
 0004:00000cb4       $pdata$__acrt_uninitialize_locale$fin$0 0000000180017cb4     libucrt:wsetlocale.obj
 0004:00000cb4       $pdata$__acrt_update_thread_locale_data$fin$0 0000000180017cb4     libucrt:locale_refcounting.obj
 0004:00000cc0       $pdata$__acrt_update_thread_multibyte_data$fin$0 0000000180017cc0     libucrt:mbctype.obj
 0004:00000ccc       $pdata$__acrt_initialize_lowio$fin$0 0000000180017ccc     libucrt:ioinit.obj
 0004:00000ccc       $pdata$__acrt_lowio_ensure_fh_exists$fin$0 0000000180017ccc     libucrt:osfinfo.obj
 0004:00000cd8       $pdata$_query_new_handler$fin$0 0000000180017cd8     libucrt:new_handler.obj
 0004:00000ce4       $pdata$raise$fin$0         0000000180017ce4     libucrt:signal.obj
 0004:00000cf0       $pdata$common_flush_all$fin$0 0000000180017cf0     libucrt:fflush.obj
 0004:00000cfc       $pdata$common_flush_all$fin$1 0000000180017cfc     libucrt:fflush.obj
 0004:00000d08       $pdata$_fcloseall$fin$0    0000000180017d08     libucrt:closeall.obj
 0004:00000d14       $pdata$_write$fin$0        0000000180017d14     libucrt:write.obj
 0004:00000d20       $pdata$fclose$fin$0        0000000180017d20     libucrt:fclose.obj
 0004:00000d2c       $pdata$?fin$0@?0???$?RV<lambda_bfedae4ebbf01fab1bb6dcc6a9e276e0>@@AEAV<lambda_2fe9b910cf3cbf4a0ab98a02ba45b3ec>@@V<lambda_237c231691f317818eb88cc1d5d642d6>@@@?$__crt_seh_guarded_call@H@@QEAAH$$QEAV<lambda_bfedae4ebbf01fab1bb6dcc6a9e276e0>@@AEAV<lambda_2fe9b910cf3cbf4a0ab98a02ba45b3ec>@@$$QEAV<lambda_237c231691f317818eb88cc1d5d642d6>@@@Z@4HA 0000000180017d2c     libucrt:close.obj
 0004:00000d2c       $pdata$?fin$0@?0???$?RV<lambda_b521505b218e5242e90febf6bfebc422>@@AEAV<lambda_6978c1fb23f02e42e1d9e99668cc68aa>@@V<lambda_314360699dd331753a4119843814e9a7>@@@?$__crt_seh_guarded_call@H@@QEAAH$$QEAV<lambda_b521505b218e5242e90febf6bfebc422>@@AEAV<lambda_6978c1fb23f02e42e1d9e99668cc68aa>@@$$QEAV<lambda_314360699dd331753a4119843814e9a7>@@@Z@4HA 0000000180017d2c     libucrt:commit.obj
 0004:00000d38       $pdata$_ctrlfp$filt$0      0000000180017d38     libucrt:fpctrl.obj
 0004:00000d44       $pdata$_IsNonwritableInCurrentImage$filt$0 0000000180017d44     LIBCMT:pesect.obj
 0005:00000000       __guard_fids__             0000000180018000     libucrt:initialization.obj
 0005:00000060       __guard_fids___acrt_initialize_ptd 0000000180018060     libucrt:per_thread_data.obj
 0005:00000064       __guard_fids_??$expand_argument_wildcards@D@@YAHQEAD0AEAV?$argument_list@D@?A0xca0879c4@@@Z 0000000180018064     libucrt:argv_wildcards.obj
 0005:00000068       __guard_fids__             0000000180018068     libucrt:locale_initializer.obj
 0005:0000006c       __guard_fids__             000000018001806c     libucrt:multibyte_initializer.obj
 0005:00000070       __guard_fids__             0000000180018070     libucrt:stdio_initializer.obj
 0005:00000074       __guard_fids__             0000000180018074     libucrt:stdio_initializer.obj
 0005:00000078       __guard_fids__             0000000180018078     libucrt:fma3_initializer.obj
 0005:0000007c       __guard_fids__             000000018001807c     libucrt:console_output_initializer.obj
 0005:00000080       __guard_fids_?dllmain_crt_process_attach@@YAHQEAUHINSTANCE__@@QEAX@Z 0000000180018080     LIBCMT:dll_dllmain.obj
 0005:00000088       __guard_fids_?dllmain_dispatch@@YAHQEAUHINSTANCE__@@KQEAX@Z 0000000180018088     LIBCMT:dll_dllmain.obj
 0005:0000008c       __guard_fids__             000000018001808c     LIBCMT:guard_support.obj
 0005:00000090       __guard_fids___vcrt_initialize_ptd 0000000180018090     libvcruntime:per_thread_data.obj
 0006:00000060       $R000000                   0000000180019060     * linker generated manifest res *

 Exports

  ordinal    name

        1    _register_KeeperFill_
